Archive member included to satisfy reference by file (symbol)

/Users/kylestewart/.pico-sdk/toolchain/14_2_Rel1/bin/../lib/gcc/arm-none-eabi/14.2.1/thumb/v6-m/nofp/libgcc.a(_dvmd_tls.o)
                              CMakeFiles/inky.dir/Users/kylestewart/.pico-sdk/sdk/2.1.1/src/rp2_common/pico_divider/divider_hardware.S.o (__aeabi_idiv0)
/Users/kylestewart/.pico-sdk/toolchain/14_2_Rel1/bin/../lib/gcc/arm-none-eabi/14.2.1/../../../../arm-none-eabi/lib/thumb/v6-m/nofp/libg.a(libc_a-calloc.o)
                              CMakeFiles/inky.dir/Users/kylestewart/.pico-sdk/sdk/2.1.1/src/rp2_common/pico_malloc/malloc.c.o (calloc)
/Users/kylestewart/.pico-sdk/toolchain/14_2_Rel1/bin/../lib/gcc/arm-none-eabi/14.2.1/../../../../arm-none-eabi/lib/thumb/v6-m/nofp/libg.a(libc_a-callocr.o)
                              /Users/kylestewart/.pico-sdk/toolchain/14_2_Rel1/bin/../lib/gcc/arm-none-eabi/14.2.1/../../../../arm-none-eabi/lib/thumb/v6-m/nofp/libg.a(libc_a-calloc.o) (_calloc_r)
/Users/kylestewart/.pico-sdk/toolchain/14_2_Rel1/bin/../lib/gcc/arm-none-eabi/14.2.1/../../../../arm-none-eabi/lib/thumb/v6-m/nofp/libg.a(libc_a-malloc.o)
                              CMakeFiles/inky.dir/Users/kylestewart/.pico-sdk/sdk/2.1.1/src/rp2_common/pico_malloc/malloc.c.o (malloc)
/Users/kylestewart/.pico-sdk/toolchain/14_2_Rel1/bin/../lib/gcc/arm-none-eabi/14.2.1/../../../../arm-none-eabi/lib/thumb/v6-m/nofp/libg.a(libc_a-mallocr.o)
                              /Users/kylestewart/.pico-sdk/toolchain/14_2_Rel1/bin/../lib/gcc/arm-none-eabi/14.2.1/../../../../arm-none-eabi/lib/thumb/v6-m/nofp/libg.a(libc_a-callocr.o) (_malloc_r)
/Users/kylestewart/.pico-sdk/toolchain/14_2_Rel1/bin/../lib/gcc/arm-none-eabi/14.2.1/../../../../arm-none-eabi/lib/thumb/v6-m/nofp/libg.a(libc_a-mlock.o)
                              /Users/kylestewart/.pico-sdk/toolchain/14_2_Rel1/bin/../lib/gcc/arm-none-eabi/14.2.1/../../../../arm-none-eabi/lib/thumb/v6-m/nofp/libg.a(libc_a-mallocr.o) (__malloc_lock)
/Users/kylestewart/.pico-sdk/toolchain/14_2_Rel1/bin/../lib/gcc/arm-none-eabi/14.2.1/../../../../arm-none-eabi/lib/thumb/v6-m/nofp/libg.a(libc_a-realloc.o)
                              CMakeFiles/inky.dir/Users/kylestewart/.pico-sdk/sdk/2.1.1/src/rp2_common/pico_malloc/malloc.c.o (realloc)
/Users/kylestewart/.pico-sdk/toolchain/14_2_Rel1/bin/../lib/gcc/arm-none-eabi/14.2.1/../../../../arm-none-eabi/lib/thumb/v6-m/nofp/libg.a(libc_a-reallocr.o)
                              /Users/kylestewart/.pico-sdk/toolchain/14_2_Rel1/bin/../lib/gcc/arm-none-eabi/14.2.1/../../../../arm-none-eabi/lib/thumb/v6-m/nofp/libg.a(libc_a-realloc.o) (_realloc_r)
/Users/kylestewart/.pico-sdk/toolchain/14_2_Rel1/bin/../lib/gcc/arm-none-eabi/14.2.1/../../../../arm-none-eabi/lib/thumb/v6-m/nofp/libg.a(libc_a-memcmp.o)
                              CMakeFiles/inky.dir/Users/kylestewart/.pico-sdk/sdk/2.1.1/src/rp2_common/pico_atomic/atomic.c.o (memcmp)
/Users/kylestewart/.pico-sdk/toolchain/14_2_Rel1/bin/../lib/gcc/arm-none-eabi/14.2.1/../../../../arm-none-eabi/lib/thumb/v6-m/nofp/libg.a(libc_a-memmove.o)
                              CMakeFiles/inky.dir/Users/kylestewart/.pico-sdk/sdk/2.1.1/lib/cyw43-driver/src/cyw43_ll.c.o (memmove)
/Users/kylestewart/.pico-sdk/toolchain/14_2_Rel1/bin/../lib/gcc/arm-none-eabi/14.2.1/../../../../arm-none-eabi/lib/thumb/v6-m/nofp/libg.a(libc_a-strncmp.o)
                              CMakeFiles/inky.dir/Users/kylestewart/.pico-sdk/sdk/2.1.1/lib/cyw43-driver/src/cyw43_ll.c.o (strncmp)
/Users/kylestewart/.pico-sdk/toolchain/14_2_Rel1/bin/../lib/gcc/arm-none-eabi/14.2.1/../../../../arm-none-eabi/lib/thumb/v6-m/nofp/libg.a(libc_a-lcltime_r.o)
                              CMakeFiles/inky.dir/Users/kylestewart/.pico-sdk/sdk/2.1.1/src/common/pico_util/datetime.c.o (localtime_r)
/Users/kylestewart/.pico-sdk/toolchain/14_2_Rel1/bin/../lib/gcc/arm-none-eabi/14.2.1/../../../../arm-none-eabi/lib/thumb/v6-m/nofp/libg.a(libc_a-mktime.o)
                              CMakeFiles/inky.dir/Users/kylestewart/.pico-sdk/sdk/2.1.1/src/common/pico_util/datetime.c.o (mktime)
/Users/kylestewart/.pico-sdk/toolchain/14_2_Rel1/bin/../lib/gcc/arm-none-eabi/14.2.1/../../../../arm-none-eabi/lib/thumb/v6-m/nofp/libg.a(libc_a-month_lengths.o)
                              /Users/kylestewart/.pico-sdk/toolchain/14_2_Rel1/bin/../lib/gcc/arm-none-eabi/14.2.1/../../../../arm-none-eabi/lib/thumb/v6-m/nofp/libg.a(libc_a-lcltime_r.o) (__month_lengths)
/Users/kylestewart/.pico-sdk/toolchain/14_2_Rel1/bin/../lib/gcc/arm-none-eabi/14.2.1/../../../../arm-none-eabi/lib/thumb/v6-m/nofp/libg.a(libc_a-tzcalc_limits.o)
                              /Users/kylestewart/.pico-sdk/toolchain/14_2_Rel1/bin/../lib/gcc/arm-none-eabi/14.2.1/../../../../arm-none-eabi/lib/thumb/v6-m/nofp/libg.a(libc_a-lcltime_r.o) (__tzcalc_limits)
/Users/kylestewart/.pico-sdk/toolchain/14_2_Rel1/bin/../lib/gcc/arm-none-eabi/14.2.1/../../../../arm-none-eabi/lib/thumb/v6-m/nofp/libg.a(libc_a-tzlock.o)
[...]
Memory Configuration

Name             Origin             Length             Attributes
FLASH            0x10000000         0x00200000         xr
RAM              0x20000000         0x00040000         xrw
SCRATCH_X        0x20040000         0x00001000         xrw
SCRATCH_Y        0x20041000         0x00001000         xrw
*default*        0x00000000         0xffffffff

Linker script and memory map

LOAD /Users/kylestewart/.pico-sdk/toolchain/14_2_Rel1/bin/../lib/gcc/arm-none-eabi/14.2.1/thumb/v6-m/nofp/crti.o
LOAD /Users/kylestewart/.pico-sdk/toolchain/14_2_Rel1/bin/../lib/gcc/arm-none-eabi/14.2.1/thumb/v6-m/nofp/crtbegin.o
LOAD /Users/kylestewart/.pico-sdk/toolchain/14_2_Rel1/bin/../lib/gcc/arm-none-eabi/14.2.1/../../../../arm-none-eabi/lib/thumb/v6-m/nofp/crt0.o

.flash_begin    0x10000000        0x0
                0x10000000                        __flash_binary_start = .

.boot2          0x10000000      0x100
                0x10000000                        __boot2_start__ = .
 *(.boot2)
 .boot2         0x10000000      0x100 pico-sdk/src/rp2040/boot_stage2/CMakeFiles/bs2_default_library.dir/./bs2_default_padded_checksummed.S.o
                0x10000100                        __boot2_end__ = .
                0x00000001                        ASSERT (((__boot2_end__ - __boot2_start__) == 0x100), ERROR: Pico second stage bootloader must be 256 bytes in size)

.text           0x10000100     0x4dc8
                0x10000100                        __logical_binary_start = .
 *(.vectors)
 .vectors       0x10000100       0xd4 CMakeFiles/inky.dir/Users/kylestewart/.pico-sdk/sdk/2.1.1/src/rp2_common/pico_crt0/crt0.S.o
                0x10000100                __VECTOR_TABLE
                0x10000100                __vectors
                0x100001c0                __default_isrs_start
                0x100001c0                isr_invalid
                0x100001c2                isr_nmi
                0x100001c4                isr_hardfault
                0x100001c6                isr_svcall
                0x100001c8                isr_pendsv
                0x100001ca                isr_systick
                0x100001cc                isr_irq28
                0x100001cc                isr_irq19
                0x100001cc                isr_irq0
                0x100001cc                isr_irq6
                0x100001cc                isr_irq22
                0x100001cc                isr_irq17
                0x100001cc                isr_irq14
                0x100001cc                isr_irq2
                0x100001cc                isr_irq10
                0x100001cc                isr_irq8
                0x100001cc                isr_irq24
                0x100001cc                isr_irq1
                0x100001cc                isr_irq7
                0x100001cc                isr_irq21
                0x100001cc                isr_irq20
                0x100001cc                isr_irq15
                0x100001cc                isr_irq25
                0x100001cc                isr_irq4
                0x100001cc                isr_irq16
                0x100001cc                isr_irq29
                0x100001cc                isr_irq26
                0x100001cc                __default_isrs_end
                0x100001cc                isr_irq3
                0x100001cc                isr_irq9
                0x100001cc                __unhandled_user_irq
                0x100001cc                isr_irq13
                0x100001cc                isr_irq27
                0x100001cc                isr_irq31
                0x100001cc                isr_irq5
                0x100001cc                isr_irq11
                0x100001cc                isr_irq23
                0x100001cc                isr_irq18
                0x100001cc                isr_irq30
                0x100001cc                isr_irq12
                0x100001d2                unhandled_user_irq_num_in_r0
 *(.binary_info_header)
 .binary_info_header
                0x100001d4       0x14 CMakeFiles/inky.dir/Users/kylestewart/.pico-sdk/sdk/2.1.1/src/rp2_common/pico_crt0/crt0.S.o
                0x100001e8                        __binary_info_header_end = .
 *(.embedded_block)
                0x100001e8                        __embedded_block_end = .
 *(.reset)
 .reset         0x100001e8       0x9c CMakeFiles/inky.dir/Users/kylestewart/.pico-sdk/sdk/2.1.1/src/rp2_common/pico_crt0/crt0.S.o
                0x100001e8                _entry_point
 *(.init)
 .init          0x10000284        0x4 /Users/kylestewart/.pico-sdk/toolchain/14_2_Rel1/bin/../lib/gcc/arm-none-eabi/14.2.1/thumb/v6-m/nofp/crti.o
                0x10000284                _init
 *(EXCLUDE_FILE(*libm.a: *libc.a:*lib_a-mem*.o *libgcc.a:) .text*)
 .text.register_tm_clones
                0x10000288       0x28 /Users/kylestewart/.pico-sdk/toolchain/14_2_Rel1/bin/../lib/gcc/arm-none-eabi/14.2.1/thumb/v6-m/nofp/crtbegin.o
 .text.frame_dummy
                0x100002b0       0x24 /Users/kylestewart/.pico-sdk/toolchain/14_2_Rel1/bin/../lib/gcc/arm-none-eabi/14.2.1/thumb/v6-m/nofp/crtbegin.o
 .text.startup.main
                0x100002d4       0x60 CMakeFiles/inky.dir/inky.cpp.o
                0x100002d4                main
 .text.startup._GLOBAL__sub_I_display
                0x10000334       0x40 CMakeFiles/inky.dir/inky.cpp.o
 .text._ZN6UC81594initEv
                0x10000374       0x74 CMakeFiles/inky.dir/lib/uc8159.cpp.o
                0x10000374                UC8159::init()
 .text._ZN6UC81595setupEv
                0x100003e8      0x428 CMakeFiles/inky.dir/lib/uc8159.cpp.o
                0x100003e8                UC8159::setup()
 .text._ZN6UC81596updateEPKhj
                0x10000810      0x2d0 CMakeFiles/inky.dir/lib/uc8159.cpp.o
                0x10000810                UC8159::update(unsigned char const*, unsigned int)
 .text.gpio_set_function
                0x10000ae0       0x34 CMakeFiles/inky.dir/Users/kylestewart/.pico-sdk/sdk/2.1.1/src/rp2_common/hardware_gpio/gpio.c.o
                0x10000ae0                gpio_set_function
 .text.gpio_set_pulls
                0x10000b14       0x28 CMakeFiles/inky.dir/Users/kylestewart/.pico-sdk/sdk/2.1.1/src/rp2_common/hardware_gpio/gpio.c.o
                0x10000b14                gpio_set_pulls
 .text.gpio_init
                0x10000b3c       0x40 CMakeFiles/inky.dir/Users/kylestewart/.pico-sdk/sdk/2.1.1/src/rp2_common/hardware_gpio/gpio.c.o
                0x10000b3c                gpio_init
 .text.rp2040_chip_version
                0x10000b7c        0xc CMakeFiles/inky.dir/Users/kylestewart/.pico-sdk/sdk/2.1.1/src/rp2040/pico_platform/platform.c.o
                0x10000b7c                rp2040_chip_version
 .text.panic    0x10000b88       0x30 CMakeFiles/inky.dir/Users/kylestewart/.pico-sdk/sdk/2.1.1/src/rp2_common/pico_platform_panic/panic.c.o
                0x10000b88                panic
 .text.hw_claim_or_assert
                0x10000bb8       0x44 CMakeFiles/inky.dir/Users/kylestewart/.pico-sdk/sdk/2.1.1/src/common/hardware_claim/claim.c.o
                0x10000bb8                hw_claim_or_assert
 .text.hw_claim_unused_from_range
                0x10000bfc       0x88 CMakeFiles/inky.dir/Users/kylestewart/.pico-sdk/sdk/2.1.1/src/common/hardware_claim/claim.c.o
                0x10000bfc                hw_claim_unused_from_range
 .text.next_striped_spin_lock_num
                0x10000c84       0x18 CMakeFiles/inky.dir/Users/kylestewart/.pico-sdk/sdk/2.1.1/src/rp2_common/hardware_sync/sync.c.o
                0x10000c84                next_striped_spin_lock_num
 .text.spin_lock_claim_unused
                0x10000c9c       0x24 CMakeFiles/inky.dir/Users/kylestewart/.pico-sdk/sdk/2.1.1/src/rp2_common/hardware_sync/sync.c.o
                0x10000c9c                spin_lock_claim_unused
 .text.spin_locks_reset
                0x10000cc0       0x1c CMakeFiles/inky.dir/Users/kylestewart/.pico-sdk/sdk/2.1.1/src/rp2_common/hardware_sync_spin_lock/sync_spin_lock.c.o
                0x10000cc0                spin_locks_reset
 .text.runtime_init_per_core_irq_priorities
                0x10000cdc       0x24 CMakeFiles/inky.dir/Users/kylestewart/.pico-sdk/sdk/2.1.1/src/rp2_common/hardware_irq/irq.c.o
                0x10000cdc                runtime_init_per_core_irq_priorities
 .text.irq_set_enabled
                0x10000d00       0x24 CMakeFiles/inky.dir/Users/kylestewart/.pico-sdk/sdk/2.1.1/src/rp2_common/hardware_irq/irq.c.o
                0x10000d00                irq_set_enabled
 .text.irq_is_enabled
                0x10000d24       0x18 CMakeFiles/inky.dir/Users/kylestewart/.pico-sdk/sdk/2.1.1/src/rp2_common/hardware_irq/irq.c.o
                0x10000d24                irq_is_enabled
 .text.irq_set_pending
                0x10000d3c       0x10 CMakeFiles/inky.dir/Users/kylestewart/.pico-sdk/sdk/2.1.1/src/rp2_common/hardware_irq/irq.c.o
                0x10000d3c                irq_set_pending
 .text.irq_has_shared_handler
                0x10000d4c       0x24 CMakeFiles/inky.dir/Users/kylestewart/.pico-sdk/sdk/2.1.1/src/rp2_common/hardware_irq/irq.c.o
                0x10000d4c                irq_has_shared_handler
 .text.irq_set_exclusive_handler
                0x10000d70       0x54 CMakeFiles/inky.dir/Users/kylestewart/.pico-sdk/sdk/2.1.1/src/rp2_common/hardware_irq/irq.c.o
                0x10000d70                irq_set_exclusive_handler
 .text.irq_add_shared_handler
                0x10000dc4      0x1f4 CMakeFiles/inky.dir/Users/kylestewart/.pico-sdk/sdk/2.1.1/src/rp2_common/hardware_irq/irq.c.o
                0x10000dc4                irq_add_shared_handler
 .text.irq_add_tail_to_free_list
                0x10000fb8       0xb4 CMakeFiles/inky.dir/Users/kylestewart/.pico-sdk/sdk/2.1.1/src/rp2_common/hardware_irq/irq.c.o
                0x10000fb8                irq_add_tail_to_free_list
 .text.user_irq_claim_unused
                0x1000106c       0x2c CMakeFiles/inky.dir/Users/kylestewart/.pico-sdk/sdk/2.1.1/src/rp2_common/hardware_irq/irq.c.o
                0x1000106c                user_irq_claim_unused
 .text.lock_init
                0x10001098       0x10 CMakeFiles/inky.dir/Users/kylestewart/.pico-sdk/sdk/2.1.1/src/common/pico_sync/lock_core.c.o
                0x10001098                lock_init
 .text.runtime_init_mutex
                0x100010a8       0x50 CMakeFiles/inky.dir/Users/kylestewart/.pico-sdk/sdk/2.1.1/src/common/pico_sync/mutex.c.o
                0x100010a8                runtime_init_mutex
 .text.mutex_init
                0x100010f8       0x1c CMakeFiles/inky.dir/Users/kylestewart/.pico-sdk/sdk/2.1.1/src/common/pico_sync/mutex.c.o
                0x100010f8                mutex_init
 .text.critical_section_init
                0x10001114       0x1c CMakeFiles/inky.dir/Users/kylestewart/.pico-sdk/sdk/2.1.1/src/common/pico_sync/critical_section.c.o
                0x10001114                critical_section_init
 .text.critical_section_init_with_lock_num
                0x10001130       0x14 CMakeFiles/inky.dir/Users/kylestewart/.pico-sdk/sdk/2.1.1/src/common/pico_sync/critical_section.c.o
                0x10001130                critical_section_init_with_lock_num
 .text.sleep_until_callback
                0x10001144       0x30 CMakeFiles/inky.dir/Users/kylestewart/.pico-sdk/sdk/2.1.1/src/common/pico_time/time.c.o
 .text.alarm_pool_irq_handler
                0x10001174      0x300 CMakeFiles/inky.dir/Users/kylestewart/.pico-sdk/sdk/2.1.1/src/common/pico_time/time.c.o
 .text.runtime_init_default_alarm_pool
                0x10001474       0xdc CMakeFiles/inky.dir/Users/kylestewart/.pico-sdk/sdk/2.1.1/src/common/pico_time/time.c.o
                0x10001474                runtime_init_default_alarm_pool
 .text.alarm_pool_get_default
                0x10001550        0x8 CMakeFiles/inky.dir/Users/kylestewart/.pico-sdk/sdk/2.1.1/src/common/pico_time/time.c.o
                0x10001550                alarm_pool_get_default
 .text.alarm_pool_add_alarm_at
                0x10001558       0xd0 CMakeFiles/inky.dir/Users/kylestewart/.pico-sdk/sdk/2.1.1/src/common/pico_time/time.c.o
                0x10001558                alarm_pool_add_alarm_at
 .text.alarm_pool_add_alarm_at_force_in_context
                0x10001628       0xb0 CMakeFiles/inky.dir/Users/kylestewart/.pico-sdk/sdk/2.1.1/src/common/pico_time/time.c.o
                0x10001628                alarm_pool_add_alarm_at_force_in_context
 .text.alarm_pool_cancel_alarm
                0x100016d8       0x74 CMakeFiles/inky.dir/Users/kylestewart/.pico-sdk/sdk/2.1.1/src/common/pico_time/time.c.o
                0x100016d8                alarm_pool_cancel_alarm
 .text.alarm_pool_core_num
                0x1000174c        0x4 CMakeFiles/inky.dir/Users/kylestewart/.pico-sdk/sdk/2.1.1/src/common/pico_time/time.c.o
                0x1000174c                alarm_pool_core_num
 .text.sleep_ms
                0x10001750       0xfc CMakeFiles/inky.dir/Users/kylestewart/.pico-sdk/sdk/2.1.1/src/common/pico_time/time.c.o
                0x10001750                sleep_ms
 .text.best_effort_wfe_or_timeout
                0x1000184c      0x10c CMakeFiles/inky.dir/Users/kylestewart/.pico-sdk/sdk/2.1.1/src/common/pico_time/time.c.o
                0x1000184c                best_effort_wfe_or_timeout
 .text.timer_hardware_alarm_claim
                0x10001958       0x14 CMakeFiles/inky.dir/Users/kylestewart/.pico-sdk/sdk/2.1.1/src/rp2_common/hardware_timer/timer.c.o
                0x10001958                timer_hardware_alarm_claim
 .text.timer_time_us_64
                0x1000196c       0x10 CMakeFiles/inky.dir/Users/kylestewart/.pico-sdk/sdk/2.1.1/src/rp2_common/hardware_timer/timer.c.o
                0x1000196c                timer_time_us_64
 .text.time_us_64
                0x1000197c       0x14 CMakeFiles/inky.dir/Users/kylestewart/.pico-sdk/sdk/2.1.1/src/rp2_common/hardware_timer/timer.c.o
                0x1000197c                time_us_64
 .text.busy_wait_until
                0x10001990       0x20 CMakeFiles/inky.dir/Users/kylestewart/.pico-sdk/sdk/2.1.1/src/rp2_common/hardware_timer/timer.c.o
                0x10001990                busy_wait_until
 .text.clock_configure_int_divider
                0x100019b0       0xf4 CMakeFiles/inky.dir/Users/kylestewart/.pico-sdk/sdk/2.1.1/src/rp2_common/hardware_clocks/clocks.c.o
                0x100019b0                clock_configure_int_divider
 .text.clock_configure_undivided
                0x10001aa4       0xe8 CMakeFiles/inky.dir/Users/kylestewart/.pico-sdk/sdk/2.1.1/src/rp2_common/hardware_clocks/clocks.c.o
                0x10001aa4                clock_configure_undivided
 .text.clock_get_hz
                0x10001b8c        0xc CMakeFiles/inky.dir/Users/kylestewart/.pico-sdk/sdk/2.1.1/src/rp2_common/hardware_clocks/clocks.c.o
                0x10001b8c                clock_get_hz
 .text.pll_init
                0x10001b98       0xa4 CMakeFiles/inky.dir/Users/kylestewart/.pico-sdk/sdk/2.1.1/src/rp2_common/hardware_pll/pll.c.o
                0x10001b98                pll_init
 .text.watchdog_reboot
                0x10001c3c       0x9c CMakeFiles/inky.dir/Users/kylestewart/.pico-sdk/sdk/2.1.1/src/rp2_common/hardware_watchdog/watchdog.c.o
                0x10001c3c                watchdog_reboot
 .text.tick_start
                0x10001cd8       0x10 CMakeFiles/inky.dir/Users/kylestewart/.pico-sdk/sdk/2.1.1/src/rp2_common/hardware_ticks/ticks.c.o
                0x10001cd8                tick_start
 .text.rom_func_lookup
                0x10001ce8       0x10 CMakeFiles/inky.dir/Users/kylestewart/.pico-sdk/sdk/2.1.1/src/rp2_common/pico_bootrom/bootrom.c.o
                0x10001ce8                rom_func_lookup
 .text.rom_data_lookup
                0x10001cf8       0x10 CMakeFiles/inky.dir/Users/kylestewart/.pico-sdk/sdk/2.1.1/src/rp2_common/pico_bootrom/bootrom.c.o
                0x10001cf8                rom_data_lookup
 .text.rom_funcs_lookup
                0x10001d08       0x44 CMakeFiles/inky.dir/Users/kylestewart/.pico-sdk/sdk/2.1.1/src/rp2_common/pico_bootrom/bootrom.c.o
                0x10001d08                rom_funcs_lookup
 .text.rom_reset_usb_boot_extra
                0x10001d4c       0x24 CMakeFiles/inky.dir/Users/kylestewart/.pico-sdk/sdk/2.1.1/src/rp2_common/pico_bootrom/bootrom.c.o
                0x10001d4c                rom_reset_usb_boot_extra
 .text.xosc_init
                0x10001d70       0x28 CMakeFiles/inky.dir/Users/kylestewart/.pico-sdk/sdk/2.1.1/src/rp2_common/hardware_xosc/xosc.c.o
                0x10001d70                xosc_init
 .text.first_per_core_initializer
                0x10001d98        0x4 CMakeFiles/inky.dir/Users/kylestewart/.pico-sdk/sdk/2.1.1/src/rp2_common/pico_runtime/runtime.c.o
 .text.hard_assertion_failure
                0x10001d9c        0xc CMakeFiles/inky.dir/Users/kylestewart/.pico-sdk/sdk/2.1.1/src/rp2_common/pico_runtime/runtime.c.o
                0x10001d9c                hard_assertion_failure
 .text.runtime_run_initializers
                0x10001da8       0x28 CMakeFiles/inky.dir/Users/kylestewart/.pico-sdk/sdk/2.1.1/src/rp2_common/pico_runtime/runtime.c.o
                0x10001da8                runtime_run_initializers
 .text.runtime_init_early_resets
                0x10001dd0       0x2c CMakeFiles/inky.dir/Users/kylestewart/.pico-sdk/sdk/2.1.1/src/rp2_common/pico_runtime_init/runtime_init.c.o
                0x10001dd0                runtime_init_early_resets
 .text.runtime_init_usb_power_down
                0x10001dfc       0x1c CMakeFiles/inky.dir/Users/kylestewart/.pico-sdk/sdk/2.1.1/src/rp2_common/pico_runtime_init/runtime_init.c.o
                0x10001dfc                runtime_init_usb_power_down
 .text.runtime_init_post_clock_resets
                0x10001e18       0x20 CMakeFiles/inky.dir/Users/kylestewart/.pico-sdk/sdk/2.1.1/src/rp2_common/pico_runtime_init/runtime_init.c.o
                0x10001e18                runtime_init_post_clock_resets
 .text.runtime_init_rp2040_gpio_ie_disable
                0x10001e38       0x14 CMakeFiles/inky.dir/Users/kylestewart/.pico-sdk/sdk/2.1.1/src/rp2_common/pico_runtime_init/runtime_init.c.o
                0x10001e38                runtime_init_rp2040_gpio_ie_disable
 .text.runtime_init_spin_locks_reset
                0x10001e4c        0x8 CMakeFiles/inky.dir/Users/kylestewart/.pico-sdk/sdk/2.1.1/src/rp2_common/pico_runtime_init/runtime_init.c.o
                0x10001e4c                runtime_init_spin_locks_reset
 .text.runtime_init_install_ram_vector_table
                0x10001e54       0x1c CMakeFiles/inky.dir/Users/kylestewart/.pico-sdk/sdk/2.1.1/src/rp2_common/pico_runtime_init/runtime_init.c.o
                0x10001e54                runtime_init_install_ram_vector_table
 .text.runtime_init_clocks
                0x10001e70       0xd8 CMakeFiles/inky.dir/Users/kylestewart/.pico-sdk/sdk/2.1.1/src/rp2_common/pico_runtime_init/runtime_init_clocks.c.o
                0x10001e70                runtime_init_clocks
 .text          0x10001f48       0x10 CMakeFiles/inky.dir/Users/kylestewart/.pico-sdk/sdk/2.1.1/src/rp2_common/pico_bit_ops/bit_ops_aeabi.S.o
 .text.__wrap___aeabi_uidiv
                0x10001f58       0x4c CMakeFiles/inky.dir/Users/kylestewart/.pico-sdk/sdk/2.1.1/src/rp2_common/pico_divider/divider_hardware.S.o
                0x10001f58                __wrap___aeabi_uidiv
                0x10001f58                __wrap___aeabi_uidivmod
                0x10001f58                div_u32u32
                0x10001f58                divmod_u32u32
                0x10001f60                divmod_u32u32_unsafe
                0x10001f88                divmod_u32u32_savestate
 .text.missing_double_func_shim
                0x10001fa4        0xc CMakeFiles/inky.dir/Users/kylestewart/.pico-sdk/sdk/2.1.1/src/rp2_common/pico_double/double_init_rom_rp2040.c.o
 .text.__aeabi_double_init
                0x10001fb0       0xa0 CMakeFiles/inky.dir/Users/kylestewart/.pico-sdk/sdk/2.1.1/src/rp2_common/pico_double/double_init_rom_rp2040.c.o
                0x10001fb0                __aeabi_double_init
 .text.double_table_shim_on_use_helper
                0x10002050       0x2c CMakeFiles/inky.dir/Users/kylestewart/.pico-sdk/sdk/2.1.1/src/rp2_common/pico_double/double_v1_rom_shim_rp2040.S.o
                0x10002050                double_table_shim_on_use_helper
 .text.__aeabi_lmul
                0x1000207c       0x32 CMakeFiles/inky.dir/Users/kylestewart/.pico-sdk/sdk/2.1.1/src/rp2_common/pico_int64_ops/pico_int64_ops_aeabi.S.o
                0x1000207c                __wrap___aeabi_lmul
 *fill*         0x100020ae        0x2 
 .text.missing_float_func_shim
                0x100020b0        0xc CMakeFiles/inky.dir/Users/kylestewart/.pico-sdk/sdk/2.1.1/src/rp2_common/pico_float/float_init_rom_rp2040.c.o
 .text.__aeabi_float_init
                0x100020bc       0x5c CMakeFiles/inky.dir/Users/kylestewart/.pico-sdk/sdk/2.1.1/src/rp2_common/pico_float/float_init_rom_rp2040.c.o
                0x100020bc                __aeabi_float_init
 .text          0x10002118       0x10 CMakeFiles/inky.dir/Users/kylestewart/.pico-sdk/sdk/2.1.1/src/rp2_common/pico_mem_ops/mem_ops_aeabi.S.o
                0x10002118                __aeabi_mem_init
 .text.memset   0x10002128        0xc CMakeFiles/inky.dir/Users/kylestewart/.pico-sdk/sdk/2.1.1/src/rp2_common/pico_mem_ops/mem_ops_aeabi.S.o
                0x10002128                __wrap_memset
 .text.memcpy   0x10002134        0xc CMakeFiles/inky.dir/Users/kylestewart/.pico-sdk/sdk/2.1.1/src/rp2_common/pico_mem_ops/mem_ops_aeabi.S.o
                0x10002134                __wrap___aeabi_memcpy
                0x10002134                __wrap_memcpy
 .text._out_char
                0x10002140       0x10 CMakeFiles/inky.dir/Users/kylestewart/.pico-sdk/sdk/2.1.1/src/rp2_common/pico_printf/printf.c.o
 .text.weak_raw_vprintf
                0x10002150       0x30 CMakeFiles/inky.dir/Users/kylestewart/.pico-sdk/sdk/2.1.1/src/rp2_common/pico_printf/printf.c.o
                0x10002150                weak_raw_vprintf
 .text._exit    0x10002180        0x4 CMakeFiles/inky.dir/Users/kylestewart/.pico-sdk/sdk/2.1.1/src/rp2_common/pico_clib_interface/newlib_interface.c.o
                0x10002180                _exit
 .text.exit     0x10002184        0x8 CMakeFiles/inky.dir/Users/kylestewart/.pico-sdk/sdk/2.1.1/src/rp2_common/pico_clib_interface/newlib_interface.c.o
                0x10002184                exit
 .text.runtime_init
                0x1000218c       0x2c CMakeFiles/inky.dir/Users/kylestewart/.pico-sdk/sdk/2.1.1/src/rp2_common/pico_clib_interface/newlib_interface.c.o
                0x1000218c                runtime_init
 .text.stdio_out_chars_no_crlf
                0x100021b8       0x10 CMakeFiles/inky.dir/Users/kylestewart/.pico-sdk/sdk/2.1.1/src/rp2_common/pico_stdio/stdio.c.o
 .text.stdio_out_chars_crlf
                0x100021c8       0xb0 CMakeFiles/inky.dir/Users/kylestewart/.pico-sdk/sdk/2.1.1/src/rp2_common/pico_stdio/stdio.c.o
 .text.stdio_put_string
                0x10002278       0xfc CMakeFiles/inky.dir/Users/kylestewart/.pico-sdk/sdk/2.1.1/src/rp2_common/pico_stdio/stdio.c.o
                0x10002278                stdio_put_string
 .text.stdio_set_driver_enabled
                0x10002374       0x30 CMakeFiles/inky.dir/Users/kylestewart/.pico-sdk/sdk/2.1.1/src/rp2_common/pico_stdio/stdio.c.o
                0x10002374                stdio_set_driver_enabled
 .text.stdio_init_all
                0x100023a4        0x8 CMakeFiles/inky.dir/Users/kylestewart/.pico-sdk/sdk/2.1.1/src/rp2_common/pico_stdio/stdio.c.o
                0x100023a4                stdio_init_all
 .text.__wrap_putchar
                0x100023ac       0x94 CMakeFiles/inky.dir/Users/kylestewart/.pico-sdk/sdk/2.1.1/src/rp2_common/pico_stdio/stdio.c.o
                0x100023ac                stdio_putchar
                0x100023ac                __wrap_putchar
 .text.__wrap_puts
                0x10002440       0x3c CMakeFiles/inky.dir/Users/kylestewart/.pico-sdk/sdk/2.1.1/src/rp2_common/pico_stdio/stdio.c.o
                0x10002440                __wrap_puts
                0x10002440                stdio_puts
 .text.resetd_init
                0x1000247c        0x4 CMakeFiles/inky.dir/Users/kylestewart/.pico-sdk/sdk/2.1.1/src/rp2_common/pico_stdio_usb/reset_interface.c.o
 .text.resetd_reset
                0x10002480        0xc CMakeFiles/inky.dir/Users/kylestewart/.pico-sdk/sdk/2.1.1/src/rp2_common/pico_stdio_usb/reset_interface.c.o
 .text.resetd_open
                0x1000248c       0x28 CMakeFiles/inky.dir/Users/kylestewart/.pico-sdk/sdk/2.1.1/src/rp2_common/pico_stdio_usb/reset_interface.c.o
 .text.resetd_xfer_cb
                0x100024b4        0x4 CMakeFiles/inky.dir/Users/kylestewart/.pico-sdk/sdk/2.1.1/src/rp2_common/pico_stdio_usb/reset_interface.c.o
 .text.resetd_control_xfer_cb
                0x100024b8       0x54 CMakeFiles/inky.dir/Users/kylestewart/.pico-sdk/sdk/2.1.1/src/rp2_common/pico_stdio_usb/reset_interface.c.o
 .text.tud_descriptor_bos_cb
                0x1000250c        0x8 CMakeFiles/inky.dir/Users/kylestewart/.pico-sdk/sdk/2.1.1/src/rp2_common/pico_stdio_usb/reset_interface.c.o
                0x1000250c                tud_descriptor_bos_cb
 .text.tud_vendor_control_xfer_cb
                0x10002514       0x34 CMakeFiles/inky.dir/Users/kylestewart/.pico-sdk/sdk/2.1.1/src/rp2_common/pico_stdio_usb/reset_interface.c.o
                0x10002514                tud_vendor_control_xfer_cb
 .text.usbd_app_driver_get_cb
                0x10002548        0xc CMakeFiles/inky.dir/Users/kylestewart/.pico-sdk/sdk/2.1.1/src/rp2_common/pico_stdio_usb/reset_interface.c.o
                0x10002548                usbd_app_driver_get_cb
 .text.tud_cdc_line_coding_cb
                0x10002554       0x2c CMakeFiles/inky.dir/Users/kylestewart/.pico-sdk/sdk/2.1.1/src/rp2_common/pico_stdio_usb/reset_interface.c.o
                0x10002554                tud_cdc_line_coding_cb
 .text.stdio_usb_set_chars_available_callback
                0x10002580       0x14 CMakeFiles/inky.dir/Users/kylestewart/.pico-sdk/sdk/2.1.1/src/rp2_common/pico_stdio_usb/stdio_usb.c.o
                0x10002580                stdio_usb_set_chars_available_callback
 .text.usb_irq  0x10002594       0x10 CMakeFiles/inky.dir/Users/kylestewart/.pico-sdk/sdk/2.1.1/src/rp2_common/pico_stdio_usb/stdio_usb.c.o
 .text.timer_task
                0x100025a4       0x64 CMakeFiles/inky.dir/Users/kylestewart/.pico-sdk/sdk/2.1.1/src/rp2_common/pico_stdio_usb/stdio_usb.c.o
 .text.stdio_usb_in_chars
                0x10002608       0x8c CMakeFiles/inky.dir/Users/kylestewart/.pico-sdk/sdk/2.1.1/src/rp2_common/pico_stdio_usb/stdio_usb.c.o
                0x10002608                stdio_usb_in_chars
 .text.stdio_usb_out_flush
                0x10002694       0x4c CMakeFiles/inky.dir/Users/kylestewart/.pico-sdk/sdk/2.1.1/src/rp2_common/pico_stdio_usb/stdio_usb.c.o
 .text.stdio_usb_out_chars
                0x100026e0      0x100 CMakeFiles/inky.dir/Users/kylestewart/.pico-sdk/sdk/2.1.1/src/rp2_common/pico_stdio_usb/stdio_usb.c.o
 .text.low_priority_worker_irq
                0x100027e0       0xc8 CMakeFiles/inky.dir/Users/kylestewart/.pico-sdk/sdk/2.1.1/src/rp2_common/pico_stdio_usb/stdio_usb.c.o
 .text.stdio_usb_init
                0x100028a8       0xe8 CMakeFiles/inky.dir/Users/kylestewart/.pico-sdk/sdk/2.1.1/src/rp2_common/pico_stdio_usb/stdio_usb.c.o
                0x100028a8                stdio_usb_init
 .text.tud_descriptor_device_cb
                0x10002990        0x8 CMakeFiles/inky.dir/Users/kylestewart/.pico-sdk/sdk/2.1.1/src/rp2_common/pico_stdio_usb/stdio_usb_descriptors.c.o
                0x10002990                tud_descriptor_device_cb
 .text.tud_descriptor_configuration_cb
                0x10002998        0x8 CMakeFiles/inky.dir/Users/kylestewart/.pico-sdk/sdk/2.1.1/src/rp2_common/pico_stdio_usb/stdio_usb_descriptors.c.o
                0x10002998                tud_descriptor_configuration_cb
 .text.tud_descriptor_string_cb
                0x100029a0       0x78 CMakeFiles/inky.dir/Users/kylestewart/.pico-sdk/sdk/2.1.1/src/rp2_common/pico_stdio_usb/stdio_usb_descriptors.c.o
                0x100029a0                tud_descriptor_string_cb
 .text.startup._retrieve_unique_id_on_boot
                0x10002a18       0x10 CMakeFiles/inky.dir/Users/kylestewart/.pico-sdk/sdk/2.1.1/src/rp2_common/pico_unique_id/unique_id.c.o
 .text.pico_get_unique_board_id_string
                0x10002a28      0x1a8 CMakeFiles/inky.dir/Users/kylestewart/.pico-sdk/sdk/2.1.1/src/rp2_common/pico_unique_id/unique_id.c.o
                0x10002a28                pico_get_unique_board_id_string
 .text.flash_get_unique_id
                0x10002bd0       0x3c CMakeFiles/inky.dir/Users/kylestewart/.pico-sdk/sdk/2.1.1/src/rp2_common/hardware_flash/flash.c.o
                0x10002bd0                flash_get_unique_id
 .text.dcd_init
                0x10002c0c       0x90 CMakeFiles/inky.dir/Users/kylestewart/.pico-sdk/sdk/2.1.1/lib/tinyusb/src/portable/raspberrypi/rp2040/dcd_rp2040.c.o
                0x10002c0c                dcd_init
 .text.dcd_int_enable
                0x10002c9c        0xc CMakeFiles/inky.dir/Users/kylestewart/.pico-sdk/sdk/2.1.1/lib/tinyusb/src/portable/raspberrypi/rp2040/dcd_rp2040.c.o
                0x10002c9c                dcd_int_enable
 .text.dcd_set_address
                0x10002ca8       0x14 CMakeFiles/inky.dir/Users/kylestewart/.pico-sdk/sdk/2.1.1/lib/tinyusb/src/portable/raspberrypi/rp2040/dcd_rp2040.c.o
                0x10002ca8                dcd_set_address
 .text.dcd_sof_enable
                0x10002cbc       0x1c CMakeFiles/inky.dir/Users/kylestewart/.pico-sdk/sdk/2.1.1/lib/tinyusb/src/portable/raspberrypi/rp2040/dcd_rp2040.c.o
                0x10002cbc                dcd_sof_enable
 .text.dcd_edpt0_status_complete
                0x10002cd8       0x1c CMakeFiles/inky.dir/Users/kylestewart/.pico-sdk/sdk/2.1.1/lib/tinyusb/src/portable/raspberrypi/rp2040/dcd_rp2040.c.o
                0x10002cd8                dcd_edpt0_status_complete
 .text.dcd_edpt_open
                0x10002cf4      0x114 CMakeFiles/inky.dir/Users/kylestewart/.pico-sdk/sdk/2.1.1/lib/tinyusb/src/portable/raspberrypi/rp2040/dcd_rp2040.c.o
                0x10002cf4                dcd_edpt_open
 .text.dcd_edpt_close_all
                0x10002e08        0x8 CMakeFiles/inky.dir/Users/kylestewart/.pico-sdk/sdk/2.1.1/lib/tinyusb/src/portable/raspberrypi/rp2040/dcd_rp2040.c.o
                0x10002e08                dcd_edpt_close_all
 .text.dcd_edpt_xfer
                0x10002e10       0x24 CMakeFiles/inky.dir/Users/kylestewart/.pico-sdk/sdk/2.1.1/lib/tinyusb/src/portable/raspberrypi/rp2040/dcd_rp2040.c.o
                0x10002e10                dcd_edpt_xfer
 .text.dcd_edpt_stall
                0x10002e34       0x3c CMakeFiles/inky.dir/Users/kylestewart/.pico-sdk/sdk/2.1.1/lib/tinyusb/src/portable/raspberrypi/rp2040/dcd_rp2040.c.o
                0x10002e34                dcd_edpt_stall
 .text.dcd_edpt_clear_stall
                0x10002e70       0x30 CMakeFiles/inky.dir/Users/kylestewart/.pico-sdk/sdk/2.1.1/lib/tinyusb/src/portable/raspberrypi/rp2040/dcd_rp2040.c.o
                0x10002e70                dcd_edpt_clear_stall
 .text.rp2040_usb_init
                0x10002ea0       0x40 CMakeFiles/inky.dir/Users/kylestewart/.pico-sdk/sdk/2.1.1/lib/tinyusb/src/portable/raspberrypi/rp2040/rp2040_usb.c.o
                0x10002ea0                rp2040_usb_init
 .text.hw_endpoint_xfer_start
                0x10002ee0       0x40 CMakeFiles/inky.dir/Users/kylestewart/.pico-sdk/sdk/2.1.1/lib/tinyusb/src/portable/raspberrypi/rp2040/rp2040_usb.c.o
                0x10002ee0                hw_endpoint_xfer_start
 .text.tud_event_hook_cb
                0x10002f20        0x4 CMakeFiles/inky.dir/Users/kylestewart/.pico-sdk/sdk/2.1.1/lib/tinyusb/src/device/usbd.c.o
                0x10002f20                tud_event_hook_cb
 .text.tud_sof_cb
                0x10002f24        0x4 CMakeFiles/inky.dir/Users/kylestewart/.pico-sdk/sdk/2.1.1/lib/tinyusb/src/device/usbd.c.o
                0x10002f24                tud_sof_cb
 .text.tud_descriptor_device_qualifier_cb
                0x10002f28        0x4 CMakeFiles/inky.dir/Users/kylestewart/.pico-sdk/sdk/2.1.1/lib/tinyusb/src/device/usbd.c.o
                0x10002f28                tud_descriptor_device_qualifier_cb
 .text.tud_descriptor_other_speed_configuration_cb
                0x10002f2c        0x4 CMakeFiles/inky.dir/Users/kylestewart/.pico-sdk/sdk/2.1.1/lib/tinyusb/src/device/usbd.c.o
                0x10002f2c                tud_descriptor_other_speed_configuration_cb
 .text.tud_mount_cb
                0x10002f30        0x4 CMakeFiles/inky.dir/Users/kylestewart/.pico-sdk/sdk/2.1.1/lib/tinyusb/src/device/usbd.c.o
                0x10002f30                tud_mount_cb
 .text.tud_umount_cb
                0x10002f34        0x4 CMakeFiles/inky.dir/Users/kylestewart/.pico-sdk/sdk/2.1.1/lib/tinyusb/src/device/usbd.c.o
                0x10002f34                tud_umount_cb
 .text.tud_suspend_cb
                0x10002f38        0x4 CMakeFiles/inky.dir/Users/kylestewart/.pico-sdk/sdk/2.1.1/lib/tinyusb/src/device/usbd.c.o
                0x10002f38                tud_suspend_cb
 .text.tud_resume_cb
                0x10002f3c        0x4 CMakeFiles/inky.dir/Users/kylestewart/.pico-sdk/sdk/2.1.1/lib/tinyusb/src/device/usbd.c.o
                0x10002f3c                tud_resume_cb
 .text.tud_mounted
                0x10002f40       0x10 CMakeFiles/inky.dir/Users/kylestewart/.pico-sdk/sdk/2.1.1/lib/tinyusb/src/device/usbd.c.o
                0x10002f40                tud_mounted
 .text.tud_suspended
                0x10002f50       0x10 CMakeFiles/inky.dir/Users/kylestewart/.pico-sdk/sdk/2.1.1/lib/tinyusb/src/device/usbd.c.o
                0x10002f50                tud_suspended
 .text.tud_rhport_init
                0x10002f60       0xf4 CMakeFiles/inky.dir/Users/kylestewart/.pico-sdk/sdk/2.1.1/lib/tinyusb/src/device/usbd.c.o
                0x10002f60                tud_rhport_init
 .text.tud_task_ext
                0x10003054      0x800 CMakeFiles/inky.dir/Users/kylestewart/.pico-sdk/sdk/2.1.1/lib/tinyusb/src/device/usbd.c.o
                0x10003054                tud_task_ext
 .text.usbd_open_edpt_pair
                0x10003854       0x9c CMakeFiles/inky.dir/Users/kylestewart/.pico-sdk/sdk/2.1.1/lib/tinyusb/src/device/usbd.c.o
                0x10003854                usbd_open_edpt_pair
 .text.usbd_edpt_open
                0x100038f0       0x34 CMakeFiles/inky.dir/Users/kylestewart/.pico-sdk/sdk/2.1.1/lib/tinyusb/src/device/usbd.c.o
                0x100038f0                usbd_edpt_open
 .text.usbd_edpt_claim
                0x10003924       0x28 CMakeFiles/inky.dir/Users/kylestewart/.pico-sdk/sdk/2.1.1/lib/tinyusb/src/device/usbd.c.o
                0x10003924                usbd_edpt_claim
 .text.usbd_edpt_release
                0x1000394c       0x28 CMakeFiles/inky.dir/Users/kylestewart/.pico-sdk/sdk/2.1.1/lib/tinyusb/src/device/usbd.c.o
                0x1000394c                usbd_edpt_release
 .text.usbd_edpt_xfer
                0x10003974       0x4c CMakeFiles/inky.dir/Users/kylestewart/.pico-sdk/sdk/2.1.1/lib/tinyusb/src/device/usbd.c.o
                0x10003974                usbd_edpt_xfer
 .text.tud_control_status
                0x100039c0       0x2c CMakeFiles/inky.dir/Users/kylestewart/.pico-sdk/sdk/2.1.1/lib/tinyusb/src/device/usbd_control.c.o
                0x100039c0                tud_control_status
 .text.tud_control_xfer
                0x100039ec       0xa8 CMakeFiles/inky.dir/Users/kylestewart/.pico-sdk/sdk/2.1.1/lib/tinyusb/src/device/usbd_control.c.o
                0x100039ec                tud_control_xfer
 .text.usbd_control_reset
                0x10003a94       0x14 CMakeFiles/inky.dir/Users/kylestewart/.pico-sdk/sdk/2.1.1/lib/tinyusb/src/device/usbd_control.c.o
                0x10003a94                usbd_control_reset
 .text.usbd_control_set_complete_callback
                0x10003aa8        0xc CMakeFiles/inky.dir/Users/kylestewart/.pico-sdk/sdk/2.1.1/lib/tinyusb/src/device/usbd_control.c.o
                0x10003aa8                usbd_control_set_complete_callback
 .text.usbd_control_set_request
                0x10003ab4       0x1c CMakeFiles/inky.dir/Users/kylestewart/.pico-sdk/sdk/2.1.1/lib/tinyusb/src/device/usbd_control.c.o
                0x10003ab4                usbd_control_set_request
 .text.usbd_control_xfer_cb
                0x10003ad0       0xec CMakeFiles/inky.dir/Users/kylestewart/.pico-sdk/sdk/2.1.1/lib/tinyusb/src/device/usbd_control.c.o
                0x10003ad0                usbd_control_xfer_cb
 .text._prep_out_transaction.isra.0
                0x10003bbc       0x6c CMakeFiles/inky.dir/Users/kylestewart/.pico-sdk/sdk/2.1.1/lib/tinyusb/src/class/cdc/cdc_device.c.o
 .text.tud_cdc_n_connected
                0x10003c28       0x2c CMakeFiles/inky.dir/Users/kylestewart/.pico-sdk/sdk/2.1.1/lib/tinyusb/src/class/cdc/cdc_device.c.o
                0x10003c28                tud_cdc_n_connected
 .text.tud_cdc_n_available
                0x10003c54       0x14 CMakeFiles/inky.dir/Users/kylestewart/.pico-sdk/sdk/2.1.1/lib/tinyusb/src/class/cdc/cdc_device.c.o
                0x10003c54                tud_cdc_n_available
 .text.tud_cdc_n_read
                0x10003c68       0x88 CMakeFiles/inky.dir/Users/kylestewart/.pico-sdk/sdk/2.1.1/lib/tinyusb/src/class/cdc/cdc_device.c.o
                0x10003c68                tud_cdc_n_read
 .text.tud_cdc_n_write_flush
                0x10003cf0       0x74 CMakeFiles/inky.dir/Users/kylestewart/.pico-sdk/sdk/2.1.1/lib/tinyusb/src/class/cdc/cdc_device.c.o
                0x10003cf0                tud_cdc_n_write_flush
 .text.tud_cdc_n_write
                0x10003d64       0x40 CMakeFiles/inky.dir/Users/kylestewart/.pico-sdk/sdk/2.1.1/lib/tinyusb/src/class/cdc/cdc_device.c.o
                0x10003d64                tud_cdc_n_write
 .text.tud_cdc_n_write_available
                0x10003da4       0x14 CMakeFiles/inky.dir/Users/kylestewart/.pico-sdk/sdk/2.1.1/lib/tinyusb/src/class/cdc/cdc_device.c.o
                0x10003da4                tud_cdc_n_write_available
 .text.cdcd_init
                0x10003db8       0x70 CMakeFiles/inky.dir/Users/kylestewart/.pico-sdk/sdk/2.1.1/lib/tinyusb/src/class/cdc/cdc_device.c.o
                0x10003db8                cdcd_init
 .text.cdcd_deinit
                0x10003e28       0x30 CMakeFiles/inky.dir/Users/kylestewart/.pico-sdk/sdk/2.1.1/lib/tinyusb/src/class/cdc/cdc_device.c.o
                0x10003e28                cdcd_deinit
 .text.cdcd_reset
                0x10003e58       0x4c CMakeFiles/inky.dir/Users/kylestewart/.pico-sdk/sdk/2.1.1/lib/tinyusb/src/class/cdc/cdc_device.c.o
                0x10003e58                cdcd_reset
 .text.cdcd_open
                0x10003ea4       0xa4 CMakeFiles/inky.dir/Users/kylestewart/.pico-sdk/sdk/2.1.1/lib/tinyusb/src/class/cdc/cdc_device.c.o
                0x10003ea4                cdcd_open
 .text.cdcd_control_xfer_cb
                0x10003f48       0xe8 CMakeFiles/inky.dir/Users/kylestewart/.pico-sdk/sdk/2.1.1/lib/tinyusb/src/class/cdc/cdc_device.c.o
                0x10003f48                cdcd_control_xfer_cb
 .text.cdcd_xfer_cb
                0x10004030      0x100 CMakeFiles/inky.dir/Users/kylestewart/.pico-sdk/sdk/2.1.1/lib/tinyusb/src/class/cdc/cdc_device.c.o
                0x10004030                cdcd_xfer_cb
 .text.vendord_init
                0x10004130       0x5c CMakeFiles/inky.dir/Users/kylestewart/.pico-sdk/sdk/2.1.1/lib/tinyusb/src/class/vendor/vendor_device.c.o
                0x10004130                vendord_init
 .text.vendord_deinit
                0x1000418c       0x1c CMakeFiles/inky.dir/Users/kylestewart/.pico-sdk/sdk/2.1.1/lib/tinyusb/src/class/vendor/vendor_device.c.o
                0x1000418c                vendord_deinit
 .text.vendord_reset
                0x100041a8       0x28 CMakeFiles/inky.dir/Users/kylestewart/.pico-sdk/sdk/2.1.1/lib/tinyusb/src/class/vendor/vendor_device.c.o
                0x100041a8                vendord_reset
 .text.vendord_open
                0x100041d0      0x120 CMakeFiles/inky.dir/Users/kylestewart/.pico-sdk/sdk/2.1.1/lib/tinyusb/src/class/vendor/vendor_device.c.o
                0x100041d0                vendord_open
 .text.vendord_xfer_cb
                0x100042f0       0x9c CMakeFiles/inky.dir/Users/kylestewart/.pico-sdk/sdk/2.1.1/lib/tinyusb/src/class/vendor/vendor_device.c.o
                0x100042f0                vendord_xfer_cb
 .text.tusb_rhport_init
                0x1000438c       0x4c CMakeFiles/inky.dir/Users/kylestewart/.pico-sdk/sdk/2.1.1/lib/tinyusb/src/tusb.c.o
                0x1000438c                tusb_rhport_init
 .text.tu_edpt_claim
                0x100043d8       0x50 CMakeFiles/inky.dir/Users/kylestewart/.pico-sdk/sdk/2.1.1/lib/tinyusb/src/tusb.c.o
                0x100043d8                tu_edpt_claim
 .text.tu_edpt_release
                0x10004428       0x38 CMakeFiles/inky.dir/Users/kylestewart/.pico-sdk/sdk/2.1.1/lib/tinyusb/src/tusb.c.o
                0x10004428                tu_edpt_release
 .text.tu_edpt_validate
                0x10004460       0x7c CMakeFiles/inky.dir/Users/kylestewart/.pico-sdk/sdk/2.1.1/lib/tinyusb/src/tusb.c.o
                0x10004460                tu_edpt_validate
 .text.tu_edpt_bind_driver
                0x100044dc       0x34 CMakeFiles/inky.dir/Users/kylestewart/.pico-sdk/sdk/2.1.1/lib/tinyusb/src/tusb.c.o
                0x100044dc                tu_edpt_bind_driver
 .text.tu_edpt_stream_init
                0x10004510       0x6c CMakeFiles/inky.dir/Users/kylestewart/.pico-sdk/sdk/2.1.1/lib/tinyusb/src/tusb.c.o
                0x10004510                tu_edpt_stream_init
 .text.tu_edpt_stream_deinit
                0x1000457c        0x4 CMakeFiles/inky.dir/Users/kylestewart/.pico-sdk/sdk/2.1.1/lib/tinyusb/src/tusb.c.o
                0x1000457c                tu_edpt_stream_deinit
 .text.tu_edpt_stream_write_zlp_if_needed
                0x10004580       0x68 CMakeFiles/inky.dir/Users/kylestewart/.pico-sdk/sdk/2.1.1/lib/tinyusb/src/tusb.c.o
                0x10004580                tu_edpt_stream_write_zlp_if_needed
 .text.tu_edpt_stream_write_xfer
                0x100045e8       0x68 CMakeFiles/inky.dir/Users/kylestewart/.pico-sdk/sdk/2.1.1/lib/tinyusb/src/tusb.c.o
                0x100045e8                tu_edpt_stream_write_xfer
 .text.tu_edpt_stream_read_xfer
                0x10004650       0xd8 CMakeFiles/inky.dir/Users/kylestewart/.pico-sdk/sdk/2.1.1/lib/tinyusb/src/tusb.c.o
                0x10004650                tu_edpt_stream_read_xfer
 .text.tu_fifo_config
                0x10004728       0x6c CMakeFiles/inky.dir/Users/kylestewart/.pico-sdk/sdk/2.1.1/lib/tinyusb/src/common/tusb_fifo.c.o
                0x10004728                tu_fifo_config
 .text.tu_fifo_count
                0x10004794       0x2c CMakeFiles/inky.dir/Users/kylestewart/.pico-sdk/sdk/2.1.1/lib/tinyusb/src/common/tusb_fifo.c.o
                0x10004794                tu_fifo_count
 .text.tu_fifo_empty
                0x100047c0       0x10 CMakeFiles/inky.dir/Users/kylestewart/.pico-sdk/sdk/2.1.1/lib/tinyusb/src/common/tusb_fifo.c.o
                0x100047c0                tu_fifo_empty
 .text.tu_fifo_remaining
                0x100047d0       0x2c CMakeFiles/inky.dir/Users/kylestewart/.pico-sdk/sdk/2.1.1/lib/tinyusb/src/common/tusb_fifo.c.o
                0x100047d0                tu_fifo_remaining
 .text.tu_fifo_read
                0x100047fc       0x9c CMakeFiles/inky.dir/Users/kylestewart/.pico-sdk/sdk/2.1.1/lib/tinyusb/src/common/tusb_fifo.c.o
                0x100047fc                tu_fifo_read
 .text.tu_fifo_read_n
                0x10004898       0xe8 CMakeFiles/inky.dir/Users/kylestewart/.pico-sdk/sdk/2.1.1/lib/tinyusb/src/common/tusb_fifo.c.o
                0x10004898                tu_fifo_read_n
 .text.tu_fifo_write
                0x10004980       0xa4 CMakeFiles/inky.dir/Users/kylestewart/.pico-sdk/sdk/2.1.1/lib/tinyusb/src/common/tusb_fifo.c.o
                0x10004980                tu_fifo_write
 .text.tu_fifo_write_n
                0x10004a24      0x178 CMakeFiles/inky.dir/Users/kylestewart/.pico-sdk/sdk/2.1.1/lib/tinyusb/src/common/tusb_fifo.c.o
                0x10004a24                tu_fifo_write_n
 .text.tu_fifo_clear
                0x10004b9c       0x40 CMakeFiles/inky.dir/Users/kylestewart/.pico-sdk/sdk/2.1.1/lib/tinyusb/src/common/tusb_fifo.c.o
                0x10004b9c                tu_fifo_clear
 .text.tu_fifo_set_overwritable
                0x10004bdc       0x48 CMakeFiles/inky.dir/Users/kylestewart/.pico-sdk/sdk/2.1.1/lib/tinyusb/src/common/tusb_fifo.c.o
                0x10004bdc                tu_fifo_set_overwritable
 .text.spi_init
                0x10004c24      0x13c CMakeFiles/inky.dir/Users/kylestewart/.pico-sdk/sdk/2.1.1/src/rp2_common/hardware_spi/spi.c.o
                0x10004c24                spi_init
 .text.strlen   0x10004d60       0x5c /Users/kylestewart/.pico-sdk/toolchain/14_2_Rel1/bin/../lib/gcc/arm-none-eabi/14.2.1/../../../../arm-none-eabi/lib/thumb/v6-m/nofp/libg.a(libc_a-strlen-stub.o)
                0x10004d60                strlen
 *(.fini)
 .fini          0x10004dbc        0x4 /Users/kylestewart/.pico-sdk/toolchain/14_2_Rel1/bin/../lib/gcc/arm-none-eabi/14.2.1/thumb/v6-m/nofp/crti.o
                0x10004dbc                _fini
 .fini.__stub   0x10004dc0       0xc0 linker stubs
 *crtbegin.o(.ctors)
 *crtbegin?.o(.ctors)
 *(EXCLUDE_FILE(*crtend.o *crtend?.o) .ctors)
 *(SORT_BY_NAME(.ctors.*))
 *(.ctors)
 *crtbegin.o(.dtors)
 *crtbegin?.o(.dtors)
 *(EXCLUDE_FILE(*crtend.o *crtend?.o) .dtors)
 *(SORT_BY_NAME(.dtors.*))
 *(.dtors)
                0x10004e80                        . = ALIGN (0x4)
                0x10004e80                        PROVIDE (__preinit_array_start = .)
 *(SORT_BY_NAME(.preinit_array.*))
 .preinit_array.00100
                0x10004e80        0x4 CMakeFiles/inky.dir/Users/kylestewart/.pico-sdk/sdk/2.1.1/src/rp2_common/pico_runtime_init/runtime_init.c.o
                0x10004e80                __pre_init_runtime_init_early_resets
 .preinit_array.00101
                0x10004e84        0x4 CMakeFiles/inky.dir/Users/kylestewart/.pico-sdk/sdk/2.1.1/src/rp2_common/pico_runtime_init/runtime_init.c.o
                0x10004e84                __pre_init_runtime_init_usb_power_down
 .preinit_array.00275
                0x10004e88        0x4 CMakeFiles/inky.dir/Users/kylestewart/.pico-sdk/sdk/2.1.1/src/rp2_common/pico_bit_ops/bit_ops_aeabi.S.o
 .preinit_array.00300
                0x10004e8c        0x4 CMakeFiles/inky.dir/Users/kylestewart/.pico-sdk/sdk/2.1.1/src/rp2_common/pico_mem_ops/mem_ops_aeabi.S.o
 .preinit_array.00350
                0x10004e90        0x4 CMakeFiles/inky.dir/Users/kylestewart/.pico-sdk/sdk/2.1.1/src/rp2_common/pico_double/double_aeabi_rp2040.S.o
 .preinit_array.00350
                0x10004e94        0x4 CMakeFiles/inky.dir/Users/kylestewart/.pico-sdk/sdk/2.1.1/src/rp2_common/pico_float/float_aeabi_rp2040.S.o
 .preinit_array.00500
                0x10004e98        0x4 CMakeFiles/inky.dir/Users/kylestewart/.pico-sdk/sdk/2.1.1/src/rp2_common/pico_runtime_init/runtime_init.c.o
                0x10004e98                __pre_init_runtime_init_clocks
 .preinit_array.00600
                0x10004e9c        0x4 CMakeFiles/inky.dir/Users/kylestewart/.pico-sdk/sdk/2.1.1/src/rp2_common/pico_runtime_init/runtime_init.c.o
                0x10004e9c                __pre_init_runtime_init_post_clock_resets
 .preinit_array.00700
                0x10004ea0        0x4 CMakeFiles/inky.dir/Users/kylestewart/.pico-sdk/sdk/2.1.1/src/rp2_common/pico_runtime_init/runtime_init.c.o
                0x10004ea0                __pre_init_runtime_init_rp2040_gpio_ie_disable
 .preinit_array.01000
                0x10004ea4        0x4 CMakeFiles/inky.dir/Users/kylestewart/.pico-sdk/sdk/2.1.1/src/rp2_common/pico_runtime_init/runtime_init.c.o
                0x10004ea4                __pre_init_runtime_init_spin_locks_reset
 .preinit_array.01100
                0x10004ea8        0x4 CMakeFiles/inky.dir/Users/kylestewart/.pico-sdk/sdk/2.1.1/src/common/pico_sync/mutex.c.o
                0x10004ea8                __pre_init_runtime_init_mutex
 .preinit_array.10080
                0x10004eac        0x4 CMakeFiles/inky.dir/Users/kylestewart/.pico-sdk/sdk/2.1.1/src/rp2_common/pico_runtime_init/runtime_init.c.o
                0x10004eac                __pre_init_runtime_init_install_ram_vector_table
 .preinit_array.11000
                0x10004eb0        0x4 CMakeFiles/inky.dir/Users/kylestewart/.pico-sdk/sdk/2.1.1/src/common/pico_time/time.c.o
                0x10004eb0                __pre_init_runtime_init_default_alarm_pool
 .preinit_array.YYYYY
                0x10004eb4        0x4 CMakeFiles/inky.dir/Users/kylestewart/.pico-sdk/sdk/2.1.1/src/rp2_common/pico_runtime/runtime.c.o
                0x10004eb4                __pre_init_first_per_core_initializer
 .preinit_array.ZZZZZ.01200
                0x10004eb8        0x4 CMakeFiles/inky.dir/Users/kylestewart/.pico-sdk/sdk/2.1.1/src/rp2_common/hardware_irq/irq.c.o
                0x10004eb8                __pre_init_runtime_init_per_core_irq_priorities
 *(.preinit_array)
                0x10004ebc                        PROVIDE (__preinit_array_end = .)
                0x10004ebc                        . = ALIGN (0x4)
                0x10004ebc                        PROVIDE (__init_array_start = .)
 *(SORT_BY_NAME(.init_array.*))
 *(.init_array)
 .init_array    0x10004ebc        0x4 /Users/kylestewart/.pico-sdk/toolchain/14_2_Rel1/bin/../lib/gcc/arm-none-eabi/14.2.1/thumb/v6-m/nofp/crtbegin.o
 .init_array    0x10004ec0        0x4 CMakeFiles/inky.dir/inky.cpp.o
 .init_array    0x10004ec4        0x4 CMakeFiles/inky.dir/Users/kylestewart/.pico-sdk/sdk/2.1.1/src/rp2_common/pico_unique_id/unique_id.c.o
                0x10004ec8                        PROVIDE (__init_array_end = .)
                0x10004ec8                        . = ALIGN (0x4)
                [!provide]                        PROVIDE (__fini_array_start = .)
 *(SORT_BY_NAME(.fini_array.*))
 *(.fini_array)
                [!provide]                        PROVIDE (__fini_array_end = .)
 *(.eh_frame*)
 .eh_frame      0x10004ec8        0x0 /Users/kylestewart/.pico-sdk/toolchain/14_2_Rel1/bin/../lib/gcc/arm-none-eabi/14.2.1/thumb/v6-m/nofp/crtbegin.o
                0x10004ec8                        . = ALIGN (0x4)

.glue_7         0x10004ec8        0x0
 .glue_7        0x10004ec8        0x0 linker stubs

.glue_7t        0x10004ec8        0x0
 .glue_7t       0x10004ec8        0x0 linker stubs

.vfp11_veneer   0x10004ec8        0x0
 .vfp11_veneer  0x10004ec8        0x0 linker stubs

.v4_bx          0x10004ec8        0x0
 .v4_bx         0x10004ec8        0x0 linker stubs

.iplt           0x10004ec8        0x0
 .iplt          0x10004ec8        0x0 /Users/kylestewart/.pico-sdk/toolchain/14_2_Rel1/bin/../lib/gcc/arm-none-eabi/14.2.1/thumb/v6-m/nofp/crtbegin.o

.rodata         0x10004ec8      0x44c
 *(EXCLUDE_FILE(*libm.a: *libc.a:*lib_a-mem*.o *libgcc.a:) .rodata*)
 .rodata.C.8.5  0x10004ec8        0x3 CMakeFiles/inky.dir/lib/uc8159.cpp.o
 *fill*         0x10004ecb        0x1 
 .rodata.C.7.4  0x10004ecc        0x4 CMakeFiles/inky.dir/lib/uc8159.cpp.o
 .rodata.C.6.3  0x10004ed0        0x2 CMakeFiles/inky.dir/lib/uc8159.cpp.o
 *fill*         0x10004ed2        0x2 
 .rodata.C.5.2  0x10004ed4        0x2 CMakeFiles/inky.dir/lib/uc8159.cpp.o
 *fill*         0x10004ed6        0x2 
 .rodata.C.4.1  0x10004ed8        0x2 CMakeFiles/inky.dir/lib/uc8159.cpp.o
 *fill*         0x10004eda        0x2 
 .rodata.C.3.0  0x10004edc        0x2 CMakeFiles/inky.dir/lib/uc8159.cpp.o
 *fill*         0x10004ede        0x2 
 .rodata.panic.str1.4
                0x10004ee0      0x170 CMakeFiles/inky.dir/Users/kylestewart/.pico-sdk/sdk/2.1.1/src/rp2_common/pico_platform_panic/panic.c.o
                                 0x12 (size before relaxing)
 .rodata.spin_lock_claim_unused.str1.4
                0x10005050       0x1b CMakeFiles/inky.dir/Users/kylestewart/.pico-sdk/sdk/2.1.1/src/rp2_common/hardware_sync/sync.c.o
 .rodata.user_irq_claim_unused.str1.4
                0x10005050       0x1b CMakeFiles/inky.dir/Users/kylestewart/.pico-sdk/sdk/2.1.1/src/rp2_common/hardware_irq/irq.c.o
 .rodata.timer_hardware_alarm_claim.str1.4
                0x10005050       0x22 CMakeFiles/inky.dir/Users/kylestewart/.pico-sdk/sdk/2.1.1/src/rp2_common/hardware_timer/timer.c.o
 .rodata.hard_assertion_failure.str1.4
                0x10005050        0xc CMakeFiles/inky.dir/Users/kylestewart/.pico-sdk/sdk/2.1.1/src/rp2_common/pico_runtime/runtime.c.o
 .rodata.missing_double_func_shim.str1.4
                0x10005050       0x18 CMakeFiles/inky.dir/Users/kylestewart/.pico-sdk/sdk/2.1.1/src/rp2_common/pico_double/double_init_rom_rp2040.c.o
 .rodata.missing_float_func_shim.str1.4
                0x10005050        0x1 CMakeFiles/inky.dir/Users/kylestewart/.pico-sdk/sdk/2.1.1/src/rp2_common/pico_float/float_init_rom_rp2040.c.o
 .rodata.str1.4
                0x10005050       0x40 CMakeFiles/inky.dir/Users/kylestewart/.pico-sdk/sdk/2.1.1/src/rp2_common/pico_standard_binary_info/standard_binary_info.c.o
 .rodata.__bi_84
                0x10005050        0xc CMakeFiles/inky.dir/Users/kylestewart/.pico-sdk/sdk/2.1.1/src/rp2_common/pico_standard_binary_info/standard_binary_info.c.o
 .rodata.__bi_78
                0x1000505c        0xc CMakeFiles/inky.dir/Users/kylestewart/.pico-sdk/sdk/2.1.1/src/rp2_common/pico_standard_binary_info/standard_binary_info.c.o
 .rodata.__bi_60
                0x10005068        0xc CMakeFiles/inky.dir/Users/kylestewart/.pico-sdk/sdk/2.1.1/src/rp2_common/pico_standard_binary_info/standard_binary_info.c.o
 .rodata.__bi_54
                0x10005074        0xc CMakeFiles/inky.dir/Users/kylestewart/.pico-sdk/sdk/2.1.1/src/rp2_common/pico_standard_binary_info/standard_binary_info.c.o
 .rodata.__bi_48
                0x10005080        0xc CMakeFiles/inky.dir/Users/kylestewart/.pico-sdk/sdk/2.1.1/src/rp2_common/pico_standard_binary_info/standard_binary_info.c.o
 .rodata.__bi_42
                0x1000508c        0xc CMakeFiles/inky.dir/Users/kylestewart/.pico-sdk/sdk/2.1.1/src/rp2_common/pico_standard_binary_info/standard_binary_info.c.o
 .rodata.__bi_34
                0x10005098        0xc CMakeFiles/inky.dir/Users/kylestewart/.pico-sdk/sdk/2.1.1/src/rp2_common/pico_standard_binary_info/standard_binary_info.c.o
 .rodata.__bi_26
                0x100050a4        0xc CMakeFiles/inky.dir/Users/kylestewart/.pico-sdk/sdk/2.1.1/src/rp2_common/pico_standard_binary_info/standard_binary_info.c.o
 .rodata.crlf_str.0
                0x100050b0        0x2 CMakeFiles/inky.dir/Users/kylestewart/.pico-sdk/sdk/2.1.1/src/rp2_common/pico_stdio/stdio.c.o
 *fill*         0x100050b2        0x2 
 .rodata._resetd_driver
                0x100050b4       0x20 CMakeFiles/inky.dir/Users/kylestewart/.pico-sdk/sdk/2.1.1/src/rp2_common/pico_stdio_usb/reset_interface.c.o
 .rodata.desc_ms_os_20
                0x100050d4       0xa6 CMakeFiles/inky.dir/Users/kylestewart/.pico-sdk/sdk/2.1.1/src/rp2_common/pico_stdio_usb/reset_interface.c.o
 *fill*         0x1000517a        0x2 
 .rodata.desc_bos
                0x1000517c       0x21 CMakeFiles/inky.dir/Users/kylestewart/.pico-sdk/sdk/2.1.1/src/rp2_common/pico_stdio_usb/reset_interface.c.o
                0x1000517c                desc_bos
 .rodata.str1.4
                0x1000519d       0x13 CMakeFiles/inky.dir/Users/kylestewart/.pico-sdk/sdk/2.1.1/src/rp2_common/pico_stdio_usb/stdio_usb.c.o
 *fill*         0x1000519d        0x3 
 .rodata.__bi_197.0
                0x100051a0        0xc CMakeFiles/inky.dir/Users/kylestewart/.pico-sdk/sdk/2.1.1/src/rp2_common/pico_stdio_usb/stdio_usb.c.o
 .rodata.str1.4
                0x100051ac       0x2a CMakeFiles/inky.dir/Users/kylestewart/.pico-sdk/sdk/2.1.1/src/rp2_common/pico_stdio_usb/stdio_usb_descriptors.c.o
 .rodata.usbd_desc_str
                0x100051ac       0x18 CMakeFiles/inky.dir/Users/kylestewart/.pico-sdk/sdk/2.1.1/src/rp2_common/pico_stdio_usb/stdio_usb_descriptors.c.o
 .rodata.usbd_desc_cfg
                0x100051c4       0x54 CMakeFiles/inky.dir/Users/kylestewart/.pico-sdk/sdk/2.1.1/src/rp2_common/pico_stdio_usb/stdio_usb_descriptors.c.o
 .rodata.usbd_desc_device
                0x10005218       0x12 CMakeFiles/inky.dir/Users/kylestewart/.pico-sdk/sdk/2.1.1/src/rp2_common/pico_stdio_usb/stdio_usb_descriptors.c.o
 .rodata.str1.4
                0x1000522a       0x14 CMakeFiles/inky.dir/Users/kylestewart/.pico-sdk/sdk/2.1.1/lib/tinyusb/src/portable/raspberrypi/rp2040/dcd_rp2040.c.o
 .rodata.str1.4
                0x1000522a       0x48 CMakeFiles/inky.dir/Users/kylestewart/.pico-sdk/sdk/2.1.1/lib/tinyusb/src/portable/raspberrypi/rp2040/rp2040_usb.c.o
 *fill*         0x1000522a        0x2 
 .rodata.tud_task_ext
                0x1000522c       0x8c CMakeFiles/inky.dir/Users/kylestewart/.pico-sdk/sdk/2.1.1/lib/tinyusb/src/device/usbd.c.o
 .rodata        0x100052b8       0x1c CMakeFiles/inky.dir/Users/kylestewart/.pico-sdk/sdk/2.1.1/lib/tinyusb/src/device/usbd.c.o
 .rodata._usbd_driver
                0x100052d4       0x40 CMakeFiles/inky.dir/Users/kylestewart/.pico-sdk/sdk/2.1.1/lib/tinyusb/src/device/usbd.c.o
                0x10005314                        . = ALIGN (0x4)
 *(SORT_BY_ALIGNMENT(SORT_BY_NAME(.flashdata*)))
                0x10005314                        . = ALIGN (0x4)

.ARM.extab
 *(.ARM.extab* .gnu.linkonce.armextab.*)
                0x10005314                        __exidx_start = .

.ARM.exidx
 *(.ARM.exidx* .gnu.linkonce.armexidx.*)
                0x10005314                        __exidx_end = .
                0x10005314                        . = ALIGN (0x4)
                0x10005314                        __binary_info_start = .

.binary_info    0x10005314       0x24
 *(.binary_info.keep.*)
 .binary_info.keep.__bi_ptr84
                0x10005314        0x4 CMakeFiles/inky.dir/Users/kylestewart/.pico-sdk/sdk/2.1.1/src/rp2_common/pico_standard_binary_info/standard_binary_info.c.o
 .binary_info.keep.__bi_ptr78
                0x10005318        0x4 CMakeFiles/inky.dir/Users/kylestewart/.pico-sdk/sdk/2.1.1/src/rp2_common/pico_standard_binary_info/standard_binary_info.c.o
 .binary_info.keep.__bi_ptr60
                0x1000531c        0x4 CMakeFiles/inky.dir/Users/kylestewart/.pico-sdk/sdk/2.1.1/src/rp2_common/pico_standard_binary_info/standard_binary_info.c.o
 .binary_info.keep.__bi_ptr54
                0x10005320        0x4 CMakeFiles/inky.dir/Users/kylestewart/.pico-sdk/sdk/2.1.1/src/rp2_common/pico_standard_binary_info/standard_binary_info.c.o
 .binary_info.keep.__bi_ptr48
                0x10005324        0x4 CMakeFiles/inky.dir/Users/kylestewart/.pico-sdk/sdk/2.1.1/src/rp2_common/pico_standard_binary_info/standard_binary_info.c.o
 .binary_info.keep.__bi_ptr42
                0x10005328        0x4 CMakeFiles/inky.dir/Users/kylestewart/.pico-sdk/sdk/2.1.1/src/rp2_common/pico_standard_binary_info/standard_binary_info.c.o
 .binary_info.keep.__bi_ptr34
                0x1000532c        0x4 CMakeFiles/inky.dir/Users/kylestewart/.pico-sdk/sdk/2.1.1/src/rp2_common/pico_standard_binary_info/standard_binary_info.c.o
 .binary_info.keep.__bi_ptr26
                0x10005330        0x4 CMakeFiles/inky.dir/Users/kylestewart/.pico-sdk/sdk/2.1.1/src/rp2_common/pico_standard_binary_info/standard_binary_info.c.o
 *(.binary_info.*)
 .binary_info.__bi_ptr197
                0x10005334        0x4 CMakeFiles/inky.dir/Users/kylestewart/.pico-sdk/sdk/2.1.1/src/rp2_common/pico_stdio_usb/stdio_usb.c.o
                0x10005338                        __binary_info_end = .

.rel.dyn        0x10005338        0x0
 .rel.iplt      0x10005338        0x0 /Users/kylestewart/.pico-sdk/toolchain/14_2_Rel1/bin/../lib/gcc/arm-none-eabi/14.2.1/thumb/v6-m/nofp/crtbegin.o
                0x10005338                        . = ALIGN (0x4)

.ram_vector_table
                0x20000000       0xc0
 *(.ram_vector_table)
 .ram_vector_table
                0x20000000       0xc0 CMakeFiles/inky.dir/Users/kylestewart/.pico-sdk/sdk/2.1.1/src/rp2_common/pico_runtime_init/runtime_init.c.o
                0x20000000                ram_vector_table

.uninitialized_data
                0x200000c0        0x0
                0x200000c0                        . = ALIGN (0x4)
 *(.uninitialized_data*)

.data           0x200000c0      0xff0 load address 0x10005338
                0x200000c0                        __data_start__ = .
 *(vtable)
 *(.time_critical*)
 .time_critical.mutex_try_enter
                0x200000c0       0x40 CMakeFiles/inky.dir/Users/kylestewart/.pico-sdk/sdk/2.1.1/src/common/pico_sync/mutex.c.o
                0x200000c0                mutex_try_enter
 .time_critical.mutex_try_enter_block_until
                0x20000100       0x98 CMakeFiles/inky.dir/Users/kylestewart/.pico-sdk/sdk/2.1.1/src/common/pico_sync/mutex.c.o
                0x20000100                mutex_try_enter_block_until
 .time_critical.mutex_enter_timeout_ms
                0x20000198       0x8c CMakeFiles/inky.dir/Users/kylestewart/.pico-sdk/sdk/2.1.1/src/common/pico_sync/mutex.c.o
                0x20000198                mutex_enter_timeout_ms
 .time_critical.mutex_exit
                0x20000224       0x28 CMakeFiles/inky.dir/Users/kylestewart/.pico-sdk/sdk/2.1.1/src/common/pico_sync/mutex.c.o
                0x20000224                mutex_exit
 .time_critical.flash_init_boot2_copyout
                0x2000024c       0x30 CMakeFiles/inky.dir/Users/kylestewart/.pico-sdk/sdk/2.1.1/src/rp2_common/hardware_flash/flash.c.o
 .time_critical.flash_enable_xip_via_boot2
                0x2000027c        0xc CMakeFiles/inky.dir/Users/kylestewart/.pico-sdk/sdk/2.1.1/src/rp2_common/hardware_flash/flash.c.o
 .time_critical.flash_cs_force
                0x20000288       0x38 CMakeFiles/inky.dir/Users/kylestewart/.pico-sdk/sdk/2.1.1/src/rp2_common/hardware_flash/flash.c.o
 .time_critical.flash_do_cmd
                0x200002c0      0x130 CMakeFiles/inky.dir/Users/kylestewart/.pico-sdk/sdk/2.1.1/src/rp2_common/hardware_flash/flash.c.o
                0x200002c0                flash_do_cmd
 .time_critical.reset_non_control_endpoints
                0x200003f0       0x68 CMakeFiles/inky.dir/Users/kylestewart/.pico-sdk/sdk/2.1.1/lib/tinyusb/src/portable/raspberrypi/rp2040/dcd_rp2040.c.o
 .time_critical.hw_handle_buff_status
                0x20000458       0xa0 CMakeFiles/inky.dir/Users/kylestewart/.pico-sdk/sdk/2.1.1/lib/tinyusb/src/portable/raspberrypi/rp2040/dcd_rp2040.c.o
 .time_critical.dcd_rp2040_irq
                0x200004f8      0x548 CMakeFiles/inky.dir/Users/kylestewart/.pico-sdk/sdk/2.1.1/lib/tinyusb/src/portable/raspberrypi/rp2040/dcd_rp2040.c.o
 .time_critical.prepare_ep_buffer
                0x20000a40       0xc8 CMakeFiles/inky.dir/Users/kylestewart/.pico-sdk/sdk/2.1.1/lib/tinyusb/src/portable/raspberrypi/rp2040/rp2040_usb.c.o
 .time_critical.sync_ep_buffer
                0x20000b08       0x9c CMakeFiles/inky.dir/Users/kylestewart/.pico-sdk/sdk/2.1.1/lib/tinyusb/src/portable/raspberrypi/rp2040/rp2040_usb.c.o
 .time_critical._hw_endpoint_xfer_sync
                0x20000ba4       0x28 CMakeFiles/inky.dir/Users/kylestewart/.pico-sdk/sdk/2.1.1/lib/tinyusb/src/portable/raspberrypi/rp2040/rp2040_usb.c.o
 .time_critical.e15_is_bulkin_ep
                0x20000bcc       0x28 CMakeFiles/inky.dir/Users/kylestewart/.pico-sdk/sdk/2.1.1/lib/tinyusb/src/portable/raspberrypi/rp2040/rp2040_usb.c.o
 .time_critical.e15_is_critical_frame_period
                0x20000bf4       0x34 CMakeFiles/inky.dir/Users/kylestewart/.pico-sdk/sdk/2.1.1/lib/tinyusb/src/portable/raspberrypi/rp2040/rp2040_usb.c.o
 .time_critical.hw_endpoint_reset_transfer
                0x20000c28        0xc CMakeFiles/inky.dir/Users/kylestewart/.pico-sdk/sdk/2.1.1/lib/tinyusb/src/portable/raspberrypi/rp2040/rp2040_usb.c.o
                0x20000c28                hw_endpoint_reset_transfer
 .time_critical._hw_endpoint_buffer_control_update32
                0x20000c34       0x50 CMakeFiles/inky.dir/Users/kylestewart/.pico-sdk/sdk/2.1.1/lib/tinyusb/src/portable/raspberrypi/rp2040/rp2040_usb.c.o
                0x20000c34                _hw_endpoint_buffer_control_update32
 .time_critical.hw_endpoint_start_next_buffer
                0x20000c84       0x68 CMakeFiles/inky.dir/Users/kylestewart/.pico-sdk/sdk/2.1.1/lib/tinyusb/src/portable/raspberrypi/rp2040/rp2040_usb.c.o
                0x20000c84                hw_endpoint_start_next_buffer
 .time_critical.hw_endpoint_xfer_continue
                0x20000cec       0x40 CMakeFiles/inky.dir/Users/kylestewart/.pico-sdk/sdk/2.1.1/lib/tinyusb/src/portable/raspberrypi/rp2040/rp2040_usb.c.o
                0x20000cec                hw_endpoint_xfer_continue
 .time_critical.tinyusb
                0x20000d2c      0x1e4 CMakeFiles/inky.dir/Users/kylestewart/.pico-sdk/sdk/2.1.1/lib/tinyusb/src/device/usbd.c.o
                0x20000d2c                dcd_event_handler
 .time_critical.spi_write_blocking
                0x20000f10       0x4c CMakeFiles/inky.dir/Users/kylestewart/.pico-sdk/sdk/2.1.1/src/rp2_common/hardware_spi/spi.c.o
                0x20000f10                spi_write_blocking
 *(.text*)
 .text          0x20000f5c        0x4 /Users/kylestewart/.pico-sdk/toolchain/14_2_Rel1/bin/../lib/gcc/arm-none-eabi/14.2.1/thumb/v6-m/nofp/libgcc.a(_dvmd_tls.o)
                0x20000f5c                __aeabi_ldiv0
                0x20000f5c                __aeabi_idiv0
 .text.__stub   0x20000f60       0x80 linker stubs
                0x20000fe0                        . = ALIGN (0x4)
 *(.rodata*)
                0x20000fe0                        . = ALIGN (0x4)
 *(.data*)
 .data.striped_spin_lock_num
                0x20000fe0        0x1 CMakeFiles/inky.dir/Users/kylestewart/.pico-sdk/sdk/2.1.1/src/rp2_common/hardware_sync/sync.c.o
 *fill*         0x20000fe1        0x3 
 .data          0x20000fe4       0x48 CMakeFiles/inky.dir/Users/kylestewart/.pico-sdk/sdk/2.1.1/src/rp2_common/hardware_irq/irq_handler_chain.S.o
                0x20000fe4                irq_handler_chain_slots
                0x20001014                irq_handler_chain_first_slot
                0x2000101e                irq_handler_chain_remove_tail
 .data.default_alarm_pool
                0x2000102c       0x18 CMakeFiles/inky.dir/Users/kylestewart/.pico-sdk/sdk/2.1.1/src/common/pico_time/time.c.o
 *fill*         0x20001044        0xc 
 .data.aeabi_bits_funcs
                0x20001050       0x10 CMakeFiles/inky.dir/Users/kylestewart/.pico-sdk/sdk/2.1.1/src/rp2_common/pico_bit_ops/bit_ops_aeabi.S.o
                0x20001050                aeabi_bits_funcs
                0x20001060                aeabi_bits_funcs_end
 .data.aeabi_mem_funcs
                0x20001060       0x10 CMakeFiles/inky.dir/Users/kylestewart/.pico-sdk/sdk/2.1.1/src/rp2_common/pico_mem_ops/mem_ops_aeabi.S.o
                0x20001060                aeabi_mem_funcs
                0x20001070                aeabi_mem_funcs_end
 .data.stdio_usb
                0x20001070       0x18 CMakeFiles/inky.dir/Users/kylestewart/.pico-sdk/sdk/2.1.1/src/rp2_common/pico_stdio_usb/stdio_usb.c.o
                0x20001070                stdio_usb
 .data._usbd_qdef
                0x20001088       0x1c CMakeFiles/inky.dir/Users/kylestewart/.pico-sdk/sdk/2.1.1/lib/tinyusb/src/device/usbd.c.o
                0x20001088                _usbd_qdef
 .data._usbd_rhport
                0x200010a4        0x1 CMakeFiles/inky.dir/Users/kylestewart/.pico-sdk/sdk/2.1.1/lib/tinyusb/src/device/usbd.c.o
                0x200010a8                        . = ALIGN (0x4)
 *fill*         0x200010a5        0x3 
 *(.after_data.*)
                0x200010a8                        . = ALIGN (0x4)
                0x200010a8                        PROVIDE (__mutex_array_start = .)
 *(SORT_BY_NAME(.mutex_array.*))
 *(.mutex_array)
 .mutex_array   0x200010a8        0x8 CMakeFiles/inky.dir/Users/kylestewart/.pico-sdk/sdk/2.1.1/src/rp2_common/pico_stdio/stdio.c.o
                0x200010b0                        PROVIDE (__mutex_array_end = .)
                0x200010b0                        . = ALIGN (0x4)
 *(.jcr)
                0x200010b0                        . = ALIGN (0x4)

.tm_clone_table
                0x200010b0        0x0 load address 0x10006328
 .tm_clone_table
                0x200010b0        0x0 /Users/kylestewart/.pico-sdk/toolchain/14_2_Rel1/bin/../lib/gcc/arm-none-eabi/14.2.1/thumb/v6-m/nofp/crtbegin.o
 .tm_clone_table
                0x200010b0        0x0 /Users/kylestewart/.pico-sdk/toolchain/14_2_Rel1/bin/../lib/gcc/arm-none-eabi/14.2.1/thumb/v6-m/nofp/crtend.o

.igot.plt       0x200010b0        0x0 load address 0x10006328
 .igot.plt      0x200010b0        0x0 /Users/kylestewart/.pico-sdk/toolchain/14_2_Rel1/bin/../lib/gcc/arm-none-eabi/14.2.1/thumb/v6-m/nofp/crtbegin.o

.tdata          0x200010b0        0x0 load address 0x10006328
                0x200010b0                        . = ALIGN (0x4)
 *(.tdata .tdata.* .gnu.linkonce.td.*)
                0x200010b0                        __tdata_end = .
                0x200010b0                        PROVIDE (__data_end__ = .)
                0x10005338                        __etext = LOADADDR (.data)

.tbss           0x200010b0        0x0 load address 0x10006328
                0x200010b0                        . = ALIGN (0x4)
                0x200010b0                        __bss_start__ = .
                0x200010b0                        __tls_base = .
 *(.tbss .tbss.* .gnu.linkonce.tb.*)
 *(.tcommon)
                0x200010b0                        __tls_end = .

.bss            0x200010b0    0x20334 load address 0x10006328
                0x200010b0                        . = ALIGN (0x4)
                0x200010b0                        __tbss_end = .
 *(SORT_BY_ALIGNMENT(SORT_BY_NAME(.bss*)))
 .bss.default_alarm_pool_entries
                0x200010b0      0x180 CMakeFiles/inky.dir/Users/kylestewart/.pico-sdk/sdk/2.1.1/src/common/pico_time/time.c.o
 .bss.display   0x20001230       0x38 CMakeFiles/inky.dir/inky.cpp.o
                0x20001230                display
 .bss.last_avail_time.1
                0x20001268        0x8 CMakeFiles/inky.dir/Users/kylestewart/.pico-sdk/sdk/2.1.1/src/rp2_common/pico_stdio_usb/stdio_usb.c.o
 .bss.sd_table  0x20001270      0x100 CMakeFiles/inky.dir/Users/kylestewart/.pico-sdk/sdk/2.1.1/src/rp2_common/pico_double/double_init_rom_rp2040.c.o
                0x20001270                sd_table
 .bss._app_driver
                0x20001370        0x4 CMakeFiles/inky.dir/Users/kylestewart/.pico-sdk/sdk/2.1.1/lib/tinyusb/src/device/usbd.c.o
 .bss._cdcd_epbuf
                0x20001374       0x80 CMakeFiles/inky.dir/Users/kylestewart/.pico-sdk/sdk/2.1.1/lib/tinyusb/src/class/cdc/cdc_device.c.o
 .bss._cdcd_fifo_cfg
                0x200013f4        0x1 CMakeFiles/inky.dir/Users/kylestewart/.pico-sdk/sdk/2.1.1/lib/tinyusb/src/class/cdc/cdc_device.c.o
 *fill*         0x200013f5        0x3 
 .bss._cdcd_itf
                0x200013f8       0xc8 CMakeFiles/inky.dir/Users/kylestewart/.pico-sdk/sdk/2.1.1/lib/tinyusb/src/class/cdc/cdc_device.c.o
 .bss._ctrl_epbuf
                0x200014c0       0x40 CMakeFiles/inky.dir/Users/kylestewart/.pico-sdk/sdk/2.1.1/lib/tinyusb/src/device/usbd_control.c.o
 .bss._ctrl_xfer
                0x20001500       0x14 CMakeFiles/inky.dir/Users/kylestewart/.pico-sdk/sdk/2.1.1/lib/tinyusb/src/device/usbd_control.c.o
 .bss._tusb_rhport_role
                0x20001514        0x2 CMakeFiles/inky.dir/Users/kylestewart/.pico-sdk/sdk/2.1.1/lib/tinyusb/src/tusb.c.o
                0x20001514                _tusb_rhport_role
 *fill*         0x20001516        0x2 
 .bss._ubsd_mutexdef
                0x20001518        0x8 CMakeFiles/inky.dir/Users/kylestewart/.pico-sdk/sdk/2.1.1/lib/tinyusb/src/device/usbd.c.o
 .bss._usbd_dev
                0x20001520       0x54 CMakeFiles/inky.dir/Users/kylestewart/.pico-sdk/sdk/2.1.1/lib/tinyusb/src/device/usbd.c.o
 .bss._usbd_mutex
                0x20001574        0x4 CMakeFiles/inky.dir/Users/kylestewart/.pico-sdk/sdk/2.1.1/lib/tinyusb/src/device/usbd.c.o
 .bss._usbd_q   0x20001578        0x4 CMakeFiles/inky.dir/Users/kylestewart/.pico-sdk/sdk/2.1.1/lib/tinyusb/src/device/usbd.c.o
 .bss._usbd_qdef_buf
                0x2000157c       0xc0 CMakeFiles/inky.dir/Users/kylestewart/.pico-sdk/sdk/2.1.1/lib/tinyusb/src/device/usbd.c.o
                0x2000157c                _usbd_qdef_buf
 .bss._vendord_epbuf
                0x2000163c       0x80 CMakeFiles/inky.dir/Users/kylestewart/.pico-sdk/sdk/2.1.1/lib/tinyusb/src/class/vendor/vendor_device.c.o
 .bss._vendord_itf
                0x200016bc      0x24c CMakeFiles/inky.dir/Users/kylestewart/.pico-sdk/sdk/2.1.1/lib/tinyusb/src/class/vendor/vendor_device.c.o
 .bss.boot2_copyout
                0x20001908      0x100 CMakeFiles/inky.dir/Users/kylestewart/.pico-sdk/sdk/2.1.1/src/rp2_common/hardware_flash/flash.c.o
 .bss.chars_available_callback
                0x20001a08        0x4 CMakeFiles/inky.dir/Users/kylestewart/.pico-sdk/sdk/2.1.1/src/rp2_common/pico_stdio_usb/stdio_usb.c.o
 .bss.chars_available_param
                0x20001a0c        0x4 CMakeFiles/inky.dir/Users/kylestewart/.pico-sdk/sdk/2.1.1/src/rp2_common/pico_stdio_usb/stdio_usb.c.o
 .bss.claimed   0x20001a10        0x4 CMakeFiles/inky.dir/Users/kylestewart/.pico-sdk/sdk/2.1.1/src/rp2_common/hardware_sync/sync.c.o
 .bss.claimed   0x20001a14        0x1 CMakeFiles/inky.dir/Users/kylestewart/.pico-sdk/sdk/2.1.1/src/rp2_common/hardware_timer/timer.c.o
 *fill*         0x20001a15        0x3 
 .bss.configured_freq
                0x20001a18       0x28 CMakeFiles/inky.dir/Users/kylestewart/.pico-sdk/sdk/2.1.1/src/rp2_common/hardware_clocks/clocks.c.o
 .bss.desc_str.0
                0x20001a40       0x28 CMakeFiles/inky.dir/Users/kylestewart/.pico-sdk/sdk/2.1.1/src/rp2_common/pico_stdio_usb/stdio_usb_descriptors.c.o
 .bss.drivers   0x20001a68        0x4 CMakeFiles/inky.dir/Users/kylestewart/.pico-sdk/sdk/2.1.1/src/rp2_common/pico_stdio/stdio.c.o
 .bss.e15_last_sof
                0x20001a6c        0x4 CMakeFiles/inky.dir/Users/kylestewart/.pico-sdk/sdk/2.1.1/lib/tinyusb/src/portable/raspberrypi/rp2040/rp2040_usb.c.o
                0x20001a6c                e15_last_sof
 .bss.filter    0x20001a70        0x4 CMakeFiles/inky.dir/Users/kylestewart/.pico-sdk/sdk/2.1.1/src/rp2_common/pico_stdio/stdio.c.o
 .bss.framebuffer
                0x20001a74    0x1f400 CMakeFiles/inky.dir/inky.cpp.o
                0x20001a74                framebuffer
 .bss.hw_endpoints
                0x20020e74      0x400 CMakeFiles/inky.dir/Users/kylestewart/.pico-sdk/sdk/2.1.1/lib/tinyusb/src/portable/raspberrypi/rp2040/dcd_rp2040.c.o
 .bss.lazy_vsnprintf
                0x20021274        0x4 CMakeFiles/inky.dir/Users/kylestewart/.pico-sdk/sdk/2.1.1/src/rp2_common/pico_printf/printf.c.o
 .bss.load_value
                0x20021278        0x4 CMakeFiles/inky.dir/Users/kylestewart/.pico-sdk/sdk/2.1.1/src/rp2_common/hardware_watchdog/watchdog.c.o
 .bss.next_buffer_ptr
                0x2002127c        0x4 CMakeFiles/inky.dir/Users/kylestewart/.pico-sdk/sdk/2.1.1/lib/tinyusb/src/portable/raspberrypi/rp2040/dcd_rp2040.c.o
 .bss.object.0  0x20021280       0x18 /Users/kylestewart/.pico-sdk/toolchain/14_2_Rel1/bin/../lib/gcc/arm-none-eabi/14.2.1/thumb/v6-m/nofp/crtbegin.o
 .bss.one_shot_timer_crit_sec
                0x20021298        0x8 CMakeFiles/inky.dir/Users/kylestewart/.pico-sdk/sdk/2.1.1/src/rp2_common/pico_stdio_usb/stdio_usb.c.o
 .bss.pools     0x200212a0       0x10 CMakeFiles/inky.dir/Users/kylestewart/.pico-sdk/sdk/2.1.1/src/common/pico_time/time.c.o
 .bss.retrieved_id
                0x200212b0        0x8 CMakeFiles/inky.dir/Users/kylestewart/.pico-sdk/sdk/2.1.1/src/rp2_common/pico_unique_id/unique_id.c.o
 .bss.sf_clz_func
                0x200212b8        0x4 CMakeFiles/inky.dir/Users/kylestewart/.pico-sdk/sdk/2.1.1/src/rp2_common/pico_double/double_init_rom_rp2040.c.o
                0x200212b8                sf_clz_func
 .bss.sf_table  0x200212bc      0x100 CMakeFiles/inky.dir/Users/kylestewart/.pico-sdk/sdk/2.1.1/src/rp2_common/pico_float/float_init_rom_rp2040.c.o
                0x200212bc                sf_table
 .bss.sleep_notifier
                0x200213bc        0x4 CMakeFiles/inky.dir/Users/kylestewart/.pico-sdk/sdk/2.1.1/src/common/pico_time/time.c.o
 .bss.stdio_usb_mutex
                0x200213c0        0x8 CMakeFiles/inky.dir/Users/kylestewart/.pico-sdk/sdk/2.1.1/src/rp2_common/pico_stdio_usb/stdio_usb.c.o
 .bss.usbd_serial_str
                0x200213c8       0x11 CMakeFiles/inky.dir/Users/kylestewart/.pico-sdk/sdk/2.1.1/src/rp2_common/pico_stdio_usb/stdio_usb_descriptors.c.o
 .bss._app_driver_count
                0x200213d9        0x1 CMakeFiles/inky.dir/Users/kylestewart/.pico-sdk/sdk/2.1.1/lib/tinyusb/src/device/usbd.c.o
 .bss._sof_enable
                0x200213da        0x1 CMakeFiles/inky.dir/Users/kylestewart/.pico-sdk/sdk/2.1.1/lib/tinyusb/src/portable/raspberrypi/rp2040/dcd_rp2040.c.o
 .bss._usbd_queued_setup
                0x200213db        0x1 CMakeFiles/inky.dir/Users/kylestewart/.pico-sdk/sdk/2.1.1/lib/tinyusb/src/device/usbd.c.o
 .bss.boot2_copyout_valid
                0x200213dc        0x1 CMakeFiles/inky.dir/Users/kylestewart/.pico-sdk/sdk/2.1.1/src/rp2_common/hardware_flash/flash.c.o
 .bss.irq_handler_chain_free_slot_head
                0x200213dd        0x1 CMakeFiles/inky.dir/Users/kylestewart/.pico-sdk/sdk/2.1.1/src/rp2_common/hardware_irq/irq.c.o
 .bss.itf_num   0x200213de        0x1 CMakeFiles/inky.dir/Users/kylestewart/.pico-sdk/sdk/2.1.1/src/rp2_common/pico_stdio_usb/reset_interface.c.o
 .bss.low_priority_irq_num
                0x200213df        0x1 CMakeFiles/inky.dir/Users/kylestewart/.pico-sdk/sdk/2.1.1/src/rp2_common/pico_stdio_usb/stdio_usb.c.o
 .bss.one_shot_timer_pending
                0x200213e0        0x1 CMakeFiles/inky.dir/Users/kylestewart/.pico-sdk/sdk/2.1.1/src/rp2_common/pico_stdio_usb/stdio_usb.c.o
 .bss.user_irq_claimed
                0x200213e1        0x1 CMakeFiles/inky.dir/Users/kylestewart/.pico-sdk/sdk/2.1.1/src/rp2_common/hardware_irq/irq.c.o
 *(COMMON)
                0x200213e4                        . = ALIGN (0x4)
 *fill*         0x200213e2        0x2 
                0x200213e4                        __bss_end__ = .

.heap           0x200213e4      0x800 load address 0x10006328
                0x200213e4                        __end__ = .
                0x200213e4                        end = __end__
 *(.heap*)
 .heap          0x200213e4      0x800 CMakeFiles/inky.dir/Users/kylestewart/.pico-sdk/sdk/2.1.1/src/rp2_common/pico_crt0/crt0.S.o
                0x20040000                        __HeapLimit = (ORIGIN (RAM) + LENGTH (RAM))

.scratch_x      0x20040000        0x0 load address 0x10006328
                0x20040000                        __scratch_x_start__ = .
 *(.scratch_x.*)
                0x20040000                        . = ALIGN (0x4)
                0x20040000                        __scratch_x_end__ = .
                0x10006328                        __scratch_x_source__ = LOADADDR (.scratch_x)

.scratch_y      0x20041000        0x0 load address 0x10006328
                0x20041000                        __scratch_y_start__ = .
 *(.scratch_y.*)
                0x20041000                        . = ALIGN (0x4)
                0x20041000                        __scratch_y_end__ = .
                0x10006328                        __scratch_y_source__ = LOADADDR (.scratch_y)

.stack1_dummy
 *(.stack1*)

.stack_dummy    0x20041000      0x800
 *(.stack*)
 .stack         0x20041000      0x800 CMakeFiles/inky.dir/Users/kylestewart/.pico-sdk/sdk/2.1.1/src/rp2_common/pico_crt0/crt0.S.o

.flash_end      0x10006328        0x0
 *(.embedded_end_block*)
                0x10006328                        PROVIDE (__flash_binary_end = .)
                0x20040000                        __StackLimit = (ORIGIN (RAM) + LENGTH (RAM))
                0x20041000                        __StackOneTop = (ORIGIN (SCRATCH_X) + LENGTH (SCRATCH_X))
                0x20042000                        __StackTop = (ORIGIN (SCRATCH_Y) + LENGTH (SCRATCH_Y))
                0x20041000                        __StackOneBottom = (__StackOneTop - SIZEOF (.stack1_dummy))
                0x20041800                        __StackBottom = (__StackTop - SIZEOF (.stack_dummy))
                0x20042000                        PROVIDE (__stack = __StackTop)
                [!provide]                        PROVIDE (__heap_start = __end__)
                [!provide]                        PROVIDE (__heap_end = __HeapLimit)
                [!provide]                        PROVIDE (__tls_align = MAX (ALIGNOF (.tdata), ALIGNOF (.tbss)))
                [!provide]                        PROVIDE (__tls_size_align = (((__tls_size + __tls_align) - 0x1) & ~ ((__tls_align - 0x1))))
                [!provide]                        PROVIDE (__arm32_tls_tcb_offset = MAX (0x8, __tls_align))
                [!provide]                        PROVIDE (_end = __end__)
                [!provide]                        PROVIDE (__llvm_libc_heap_limit = __HeapLimit)
                0x00000001                        ASSERT ((__StackLimit >= __HeapLimit), region RAM overflowed)
                0x00000001                        ASSERT (((__binary_info_header_end - __logical_binary_start) <= 0x100), Binary info must be in first 256 bytes of the binary)
LOAD CMakeFiles/inky.dir/inky.cpp.o
LOAD CMakeFiles/inky.dir/lib/uc8159.cpp.o
LOAD CMakeFiles/inky.dir/Users/kylestewart/.pico-sdk/sdk/2.1.1/src/rp2_common/pico_stdlib/stdlib.c.o
LOAD CMakeFiles/inky.dir/Users/kylestewart/.pico-sdk/sdk/2.1.1/src/rp2_common/hardware_gpio/gpio.c.o
LOAD CMakeFiles/inky.dir/Users/kylestewart/.pico-sdk/sdk/2.1.1/src/rp2040/pico_platform/platform.c.o
LOAD CMakeFiles/inky.dir/Users/kylestewart/.pico-sdk/sdk/2.1.1/src/rp2_common/pico_platform_panic/panic.c.o
LOAD CMakeFiles/inky.dir/Users/kylestewart/.pico-sdk/sdk/2.1.1/src/common/hardware_claim/claim.c.o
LOAD CMakeFiles/inky.dir/Users/kylestewart/.pico-sdk/sdk/2.1.1/src/rp2_common/hardware_sync/sync.c.o
LOAD CMakeFiles/inky.dir/Users/kylestewart/.pico-sdk/sdk/2.1.1/src/rp2_common/hardware_sync_spin_lock/sync_spin_lock.c.o
LOAD CMakeFiles/inky.dir/Users/kylestewart/.pico-sdk/sdk/2.1.1/src/rp2_common/hardware_irq/irq.c.o
LOAD CMakeFiles/inky.dir/Users/kylestewart/.pico-sdk/sdk/2.1.1/src/rp2_common/hardware_irq/irq_handler_chain.S.o
LOAD CMakeFiles/inky.dir/Users/kylestewart/.pico-sdk/sdk/2.1.1/src/common/pico_sync/sem.c.o
LOAD CMakeFiles/inky.dir/Users/kylestewart/.pico-sdk/sdk/2.1.1/src/common/pico_sync/lock_core.c.o
LOAD CMakeFiles/inky.dir/Users/kylestewart/.pico-sdk/sdk/2.1.1/src/common/pico_sync/mutex.c.o
LOAD CMakeFiles/inky.dir/Users/kylestewart/.pico-sdk/sdk/2.1.1/src/common/pico_sync/critical_section.c.o
LOAD CMakeFiles/inky.dir/Users/kylestewart/.pico-sdk/sdk/2.1.1/src/common/pico_time/time.c.o
LOAD CMakeFiles/inky.dir/Users/kylestewart/.pico-sdk/sdk/2.1.1/src/common/pico_time/timeout_helper.c.o
LOAD CMakeFiles/inky.dir/Users/kylestewart/.pico-sdk/sdk/2.1.1/src/rp2_common/hardware_timer/timer.c.o
LOAD CMakeFiles/inky.dir/Users/kylestewart/.pico-sdk/sdk/2.1.1/src/common/pico_util/datetime.c.o
LOAD CMakeFiles/inky.dir/Users/kylestewart/.pico-sdk/sdk/2.1.1/src/common/pico_util/pheap.c.o
LOAD CMakeFiles/inky.dir/Users/kylestewart/.pico-sdk/sdk/2.1.1/src/common/pico_util/queue.c.o
LOAD CMakeFiles/inky.dir/Users/kylestewart/.pico-sdk/sdk/2.1.1/src/rp2_common/hardware_uart/uart.c.o
LOAD CMakeFiles/inky.dir/Users/kylestewart/.pico-sdk/sdk/2.1.1/src/rp2_common/hardware_clocks/clocks.c.o
LOAD CMakeFiles/inky.dir/Users/kylestewart/.pico-sdk/sdk/2.1.1/src/rp2_common/hardware_pll/pll.c.o
LOAD CMakeFiles/inky.dir/Users/kylestewart/.pico-sdk/sdk/2.1.1/src/rp2_common/hardware_vreg/vreg.c.o
LOAD CMakeFiles/inky.dir/Users/kylestewart/.pico-sdk/sdk/2.1.1/src/rp2_common/hardware_watchdog/watchdog.c.o
LOAD CMakeFiles/inky.dir/Users/kylestewart/.pico-sdk/sdk/2.1.1/src/rp2_common/hardware_ticks/ticks.c.o
LOAD CMakeFiles/inky.dir/Users/kylestewart/.pico-sdk/sdk/2.1.1/src/rp2_common/pico_bootrom/bootrom.c.o
LOAD CMakeFiles/inky.dir/Users/kylestewart/.pico-sdk/sdk/2.1.1/src/rp2_common/pico_bootrom/bootrom_lock.c.o
LOAD CMakeFiles/inky.dir/Users/kylestewart/.pico-sdk/sdk/2.1.1/src/rp2_common/hardware_boot_lock/boot_lock.c.o
LOAD CMakeFiles/inky.dir/Users/kylestewart/.pico-sdk/sdk/2.1.1/src/rp2_common/pico_flash/flash.c.o
LOAD CMakeFiles/inky.dir/Users/kylestewart/.pico-sdk/sdk/2.1.1/src/rp2_common/hardware_xosc/xosc.c.o
LOAD CMakeFiles/inky.dir/Users/kylestewart/.pico-sdk/sdk/2.1.1/src/rp2_common/hardware_divider/divider.S.o
LOAD CMakeFiles/inky.dir/Users/kylestewart/.pico-sdk/sdk/2.1.1/src/rp2_common/pico_runtime/runtime.c.o
LOAD CMakeFiles/inky.dir/Users/kylestewart/.pico-sdk/sdk/2.1.1/src/rp2_common/pico_runtime_init/runtime_init.c.o
LOAD CMakeFiles/inky.dir/Users/kylestewart/.pico-sdk/sdk/2.1.1/src/rp2_common/pico_runtime_init/runtime_init_clocks.c.o
LOAD CMakeFiles/inky.dir/Users/kylestewart/.pico-sdk/sdk/2.1.1/src/rp2_common/pico_runtime_init/runtime_init_stack_guard.c.o
LOAD CMakeFiles/inky.dir/Users/kylestewart/.pico-sdk/sdk/2.1.1/src/rp2_common/pico_bit_ops/bit_ops_aeabi.S.o
LOAD CMakeFiles/inky.dir/Users/kylestewart/.pico-sdk/sdk/2.1.1/src/rp2_common/pico_divider/divider_hardware.S.o
LOAD CMakeFiles/inky.dir/Users/kylestewart/.pico-sdk/sdk/2.1.1/src/rp2_common/pico_double/double_aeabi_rp2040.S.o
LOAD CMakeFiles/inky.dir/Users/kylestewart/.pico-sdk/sdk/2.1.1/src/rp2_common/pico_double/double_init_rom_rp2040.c.o
LOAD CMakeFiles/inky.dir/Users/kylestewart/.pico-sdk/sdk/2.1.1/src/rp2_common/pico_double/double_math.c.o
LOAD CMakeFiles/inky.dir/Users/kylestewart/.pico-sdk/sdk/2.1.1/src/rp2_common/pico_double/double_v1_rom_shim_rp2040.S.o
LOAD CMakeFiles/inky.dir/Users/kylestewart/.pico-sdk/sdk/2.1.1/src/rp2_common/pico_int64_ops/pico_int64_ops_aeabi.S.o
LOAD CMakeFiles/inky.dir/Users/kylestewart/.pico-sdk/sdk/2.1.1/src/rp2_common/pico_float/float_aeabi_rp2040.S.o
LOAD CMakeFiles/inky.dir/Users/kylestewart/.pico-sdk/sdk/2.1.1/src/rp2_common/pico_float/float_init_rom_rp2040.c.o
LOAD CMakeFiles/inky.dir/Users/kylestewart/.pico-sdk/sdk/2.1.1/src/rp2_common/pico_float/float_math.c.o
LOAD CMakeFiles/inky.dir/Users/kylestewart/.pico-sdk/sdk/2.1.1/src/rp2_common/pico_float/float_v1_rom_shim_rp2040.S.o
LOAD CMakeFiles/inky.dir/Users/kylestewart/.pico-sdk/sdk/2.1.1/src/rp2_common/pico_malloc/malloc.c.o
LOAD CMakeFiles/inky.dir/Users/kylestewart/.pico-sdk/sdk/2.1.1/src/rp2_common/pico_mem_ops/mem_ops_aeabi.S.o
LOAD CMakeFiles/inky.dir/Users/kylestewart/.pico-sdk/sdk/2.1.1/src/rp2_common/pico_atomic/atomic.c.o
LOAD CMakeFiles/inky.dir/Users/kylestewart/.pico-sdk/sdk/2.1.1/src/rp2_common/pico_cxx_options/new_delete.cpp.o
LOAD CMakeFiles/inky.dir/Users/kylestewart/.pico-sdk/sdk/2.1.1/src/rp2_common/pico_standard_binary_info/standard_binary_info.c.o
LOAD CMakeFiles/inky.dir/Users/kylestewart/.pico-sdk/sdk/2.1.1/src/rp2_common/pico_printf/printf.c.o
LOAD CMakeFiles/inky.dir/Users/kylestewart/.pico-sdk/sdk/2.1.1/src/rp2_common/pico_crt0/crt0.S.o
LOAD CMakeFiles/inky.dir/Users/kylestewart/.pico-sdk/sdk/2.1.1/src/rp2_common/pico_clib_interface/newlib_interface.c.o
LOAD CMakeFiles/inky.dir/Users/kylestewart/.pico-sdk/sdk/2.1.1/src/rp2_common/pico_stdio/stdio.c.o
LOAD CMakeFiles/inky.dir/Users/kylestewart/.pico-sdk/sdk/2.1.1/src/rp2_common/pico_stdio_usb/reset_interface.c.o
LOAD CMakeFiles/inky.dir/Users/kylestewart/.pico-sdk/sdk/2.1.1/src/rp2_common/pico_stdio_usb/stdio_usb.c.o
LOAD CMakeFiles/inky.dir/Users/kylestewart/.pico-sdk/sdk/2.1.1/src/rp2_common/pico_stdio_usb/stdio_usb_descriptors.c.o
LOAD CMakeFiles/inky.dir/Users/kylestewart/.pico-sdk/sdk/2.1.1/src/rp2_common/pico_unique_id/unique_id.c.o
LOAD CMakeFiles/inky.dir/Users/kylestewart/.pico-sdk/sdk/2.1.1/src/rp2_common/hardware_flash/flash.c.o
LOAD CMakeFiles/inky.dir/Users/kylestewart/.pico-sdk/sdk/2.1.1/src/rp2_common/hardware_xip_cache/xip_cache.c.o
LOAD CMakeFiles/inky.dir/Users/kylestewart/.pico-sdk/sdk/2.1.1/lib/tinyusb/src/portable/raspberrypi/rp2040/dcd_rp2040.c.o
LOAD CMakeFiles/inky.dir/Users/kylestewart/.pico-sdk/sdk/2.1.1/lib/tinyusb/src/portable/raspberrypi/rp2040/rp2040_usb.c.o
LOAD CMakeFiles/inky.dir/Users/kylestewart/.pico-sdk/sdk/2.1.1/lib/tinyusb/src/device/usbd.c.o
LOAD CMakeFiles/inky.dir/Users/kylestewart/.pico-sdk/sdk/2.1.1/lib/tinyusb/src/device/usbd_control.c.o
LOAD CMakeFiles/inky.dir/Users/kylestewart/.pico-sdk/sdk/2.1.1/lib/tinyusb/src/class/audio/audio_device.c.o
LOAD CMakeFiles/inky.dir/Users/kylestewart/.pico-sdk/sdk/2.1.1/lib/tinyusb/src/class/cdc/cdc_device.c.o
LOAD CMakeFiles/inky.dir/Users/kylestewart/.pico-sdk/sdk/2.1.1/lib/tinyusb/src/class/dfu/dfu_device.c.o
LOAD CMakeFiles/inky.dir/Users/kylestewart/.pico-sdk/sdk/2.1.1/lib/tinyusb/src/class/dfu/dfu_rt_device.c.o
LOAD CMakeFiles/inky.dir/Users/kylestewart/.pico-sdk/sdk/2.1.1/lib/tinyusb/src/class/hid/hid_device.c.o
LOAD CMakeFiles/inky.dir/Users/kylestewart/.pico-sdk/sdk/2.1.1/lib/tinyusb/src/class/midi/midi_device.c.o
LOAD CMakeFiles/inky.dir/Users/kylestewart/.pico-sdk/sdk/2.1.1/lib/tinyusb/src/class/msc/msc_device.c.o
LOAD CMakeFiles/inky.dir/Users/kylestewart/.pico-sdk/sdk/2.1.1/lib/tinyusb/src/class/net/ecm_rndis_device.c.o
LOAD CMakeFiles/inky.dir/Users/kylestewart/.pico-sdk/sdk/2.1.1/lib/tinyusb/src/class/net/ncm_device.c.o
LOAD CMakeFiles/inky.dir/Users/kylestewart/.pico-sdk/sdk/2.1.1/lib/tinyusb/src/class/usbtmc/usbtmc_device.c.o
LOAD CMakeFiles/inky.dir/Users/kylestewart/.pico-sdk/sdk/2.1.1/lib/tinyusb/src/class/vendor/vendor_device.c.o
LOAD CMakeFiles/inky.dir/Users/kylestewart/.pico-sdk/sdk/2.1.1/lib/tinyusb/src/class/video/video_device.c.o
LOAD CMakeFiles/inky.dir/Users/kylestewart/.pico-sdk/sdk/2.1.1/lib/tinyusb/src/tusb.c.o
LOAD CMakeFiles/inky.dir/Users/kylestewart/.pico-sdk/sdk/2.1.1/lib/tinyusb/src/common/tusb_fifo.c.o
LOAD CMakeFiles/inky.dir/Users/kylestewart/.pico-sdk/sdk/2.1.1/src/rp2_common/pico_fix/rp2040_usb_device_enumeration/rp2040_usb_device_enumeration.c.o
LOAD CMakeFiles/inky.dir/Users/kylestewart/.pico-sdk/sdk/2.1.1/src/rp2_common/hardware_i2c/i2c.c.o
LOAD CMakeFiles/inky.dir/Users/kylestewart/.pico-sdk/sdk/2.1.1/src/rp2_common/hardware_spi/spi.c.o
LOAD CMakeFiles/inky.dir/Users/kylestewart/.pico-sdk/sdk/2.1.1/src/rp2_common/pico_cyw43_arch/cyw43_arch.c.o
LOAD CMakeFiles/inky.dir/Users/kylestewart/.pico-sdk/sdk/2.1.1/src/rp2_common/pico_cyw43_arch/cyw43_arch_poll.c.o
LOAD CMakeFiles/inky.dir/Users/kylestewart/.pico-sdk/sdk/2.1.1/src/rp2_common/pico_cyw43_arch/cyw43_arch_threadsafe_background.c.o
LOAD CMakeFiles/inky.dir/Users/kylestewart/.pico-sdk/sdk/2.1.1/src/rp2_common/pico_cyw43_arch/cyw43_arch_freertos.c.o
LOAD CMakeFiles/inky.dir/Users/kylestewart/.pico-sdk/sdk/2.1.1/src/rp2_common/pico_cyw43_driver/cyw43_bus_pio_spi.c.o
LOAD CMakeFiles/inky.dir/Users/kylestewart/.pico-sdk/sdk/2.1.1/lib/cyw43-driver/src/cyw43_ll.c.o
LOAD CMakeFiles/inky.dir/Users/kylestewart/.pico-sdk/sdk/2.1.1/lib/cyw43-driver/src/cyw43_stats.c.o
LOAD CMakeFiles/inky.dir/Users/kylestewart/.pico-sdk/sdk/2.1.1/lib/cyw43-driver/src/cyw43_lwip.c.o
LOAD CMakeFiles/inky.dir/Users/kylestewart/.pico-sdk/sdk/2.1.1/lib/cyw43-driver/src/cyw43_ctrl.c.o
LOAD CMakeFiles/inky.dir/Users/kylestewart/.pico-sdk/sdk/2.1.1/src/rp2_common/pico_cyw43_driver/cybt_shared_bus/cybt_shared_bus.c.o
LOAD CMakeFiles/inky.dir/Users/kylestewart/.pico-sdk/sdk/2.1.1/src/rp2_common/pico_cyw43_driver/cybt_shared_bus/cybt_shared_bus_driver.c.o
LOAD CMakeFiles/inky.dir/Users/kylestewart/.pico-sdk/sdk/2.1.1/src/rp2_common/hardware_pio/pio.c.o
LOAD CMakeFiles/inky.dir/Users/kylestewart/.pico-sdk/sdk/2.1.1/src/rp2_common/hardware_dma/dma.c.o
LOAD CMakeFiles/inky.dir/Users/kylestewart/.pico-sdk/sdk/2.1.1/src/rp2_common/hardware_exception/exception.c.o
LOAD CMakeFiles/inky.dir/Users/kylestewart/.pico-sdk/sdk/2.1.1/src/rp2_common/pico_cyw43_driver/cyw43_driver.c.o
LOAD CMakeFiles/inky.dir/Users/kylestewart/.pico-sdk/sdk/2.1.1/src/rp2_common/pico_async_context/async_context_threadsafe_background.c.o
LOAD CMakeFiles/inky.dir/Users/kylestewart/.pico-sdk/sdk/2.1.1/src/rp2_common/pico_async_context/async_context_base.c.o
LOAD pico-sdk/src/rp2040/boot_stage2/CMakeFiles/bs2_default_library.dir/./bs2_default_padded_checksummed.S.o
LOAD /Users/kylestewart/.pico-sdk/toolchain/14_2_Rel1/bin/../lib/gcc/arm-none-eabi/14.2.1/../../../../arm-none-eabi/lib/thumb/v6-m/nofp/libstdc++.a
LOAD /Users/kylestewart/.pico-sdk/toolchain/14_2_Rel1/bin/../lib/gcc/arm-none-eabi/14.2.1/../../../../arm-none-eabi/lib/thumb/v6-m/nofp/libm.a
START GROUP
LOAD /Users/kylestewart/.pico-sdk/toolchain/14_2_Rel1/bin/../lib/gcc/arm-none-eabi/14.2.1/thumb/v6-m/nofp/libgcc.a
LOAD /Users/kylestewart/.pico-sdk/toolchain/14_2_Rel1/bin/../lib/gcc/arm-none-eabi/14.2.1/../../../../arm-none-eabi/lib/thumb/v6-m/nofp/libg.a
LOAD /Users/kylestewart/.pico-sdk/toolchain/14_2_Rel1/bin/../lib/gcc/arm-none-eabi/14.2.1/../../../../arm-none-eabi/lib/thumb/v6-m/nofp/libc.a
END GROUP
START GROUP
LOAD /Users/kylestewart/.pico-sdk/toolchain/14_2_Rel1/bin/../lib/gcc/arm-none-eabi/14.2.1/thumb/v6-m/nofp/libgcc.a
LOAD /Users/kylestewart/.pico-sdk/toolchain/14_2_Rel1/bin/../lib/gcc/arm-none-eabi/14.2.1/../../../../arm-none-eabi/lib/thumb/v6-m/nofp/libc.a
LOAD /Users/kylestewart/.pico-sdk/toolchain/14_2_Rel1/bin/../lib/gcc/arm-none-eabi/14.2.1/../../../../arm-none-eabi/lib/thumb/v6-m/nofp/libnosys.a
END GROUP
LOAD /Users/kylestewart/.pico-sdk/toolchain/14_2_Rel1/bin/../lib/gcc/arm-none-eabi/14.2.1/thumb/v6-m/nofp/crtend.o
LOAD /Users/kylestewart/.pico-sdk/toolchain/14_2_Rel1/bin/../lib/gcc/arm-none-eabi/14.2.1/thumb/v6-m/nofp/crtn.o
OUTPUT(inky.elf elf32-littlearm)
LOAD linker stubs

.ARM.attributes
                0x00000000       0x28
 .ARM.attributes
                0x00000000       0x1e /Users/kylestewart/.pico-sdk/toolchain/14_2_Rel1/bin/../lib/gcc/arm-none-eabi/14.2.1/thumb/v6-m/nofp/crti.o
 .ARM.attributes
                0x0000001e       0x2c /Users/kylestewart/.pico-sdk/toolchain/14_2_Rel1/bin/../lib/gcc/arm-none-eabi/14.2.1/thumb/v6-m/nofp/crtbegin.o
 .ARM.attributes
                0x0000004a       0x2c CMakeFiles/inky.dir/inky.cpp.o
 .ARM.attributes
                0x00000076       0x2c CMakeFiles/inky.dir/lib/uc8159.cpp.o
 .ARM.attributes